ELF Header:
  Magic:   7f 45 4c 46 01 01 01 00 00 00 00 00 00 00 00 00 
  Class:                             ELF32
  Data:                              2's complement, little endian
  Version:                           1 (current)
  OS/ABI:                            UNIX - System V
  ABI Version:                       0
  Type:                              EXEC (Executable file)
  Machine:                           CSKY
  Version:                           0x1
  Entry point address:               0x10c
  Start of program headers:          52 (bytes into file)
  Start of section headers:          189040 (bytes into file)
  Flags:                             0x21000000
  Size of this header:               52 (bytes)
  Size of program headers:           32 (bytes)
  Number of program headers:         2
  Size of section headers:           40 (bytes)
  Number of section headers:         90
  Section header string table index: 87

Section Headers:
  [Nr] Name              Type            Addr     Off    Size   ES Flg Lk Inf Al
  [ 0]                   NULL            00000000 000000 000000 00      0   0  0
  [ 1] .text             PROGBITS        00000000 001000 001a3c 00  AX  0   0 1024
  [ 2] .text.__main      PROGBITS        00001a3c 002a3c 000038 00  AX  0   0  4
  [ 3] .text.SYSCON_Gene PROGBITS        00001a74 002a74 000074 00  AX  0   0  4
  [ 4] .text.SYSCON_RST_ PROGBITS        00001ae8 002ae8 000058 00  AX  0   0  4
  [ 5] .text.SYSCON_Gene PROGBITS        00001b40 002b40 000030 00  AX  0   0  4
  [ 6] .text.SystemCLK_H PROGBITS        00001b70 002b70 000088 00  AX  0   0  4
  [ 7] .text.SYSCON_HFOS PROGBITS        00001bf8 002bf8 000028 00  AX  0   0  4
  [ 8] .text.SYSCON_WDT_ PROGBITS        00001c20 002c20 00003c 00  AX  0   0  4
  [ 9] .text.SYSCON_IWDC PROGBITS        00001c5c 002c5c 000014 00  AX  0   0  4
  [10] .text.SYSCON_IWDC PROGBITS        00001c70 002c70 000018 00  AX  0   0  4
  [11] .text.SYSCON_LVD_ PROGBITS        00001c88 002c88 000020 00  AX  0   0  4
  [12] .text.LVD_Int_Ena PROGBITS        00001ca8 002ca8 00001c 00  AX  0   0  4
  [13] .text.IWDT_Int_En PROGBITS        00001cc4 002cc4 00001c 00  AX  0   0  4
  [14] .text.EXTI_trigge PROGBITS        00001ce0 002ce0 000040 00  AX  0   0  4
  [15] .text.SYSCON_Int_ PROGBITS        00001d20 002d20 00000c 00  AX  0   0  4
  [16] .text.LPT_Soft_Re PROGBITS        00001d2c 002d2c 000014 00  AX  0   0  4
  [17] .text.WWDT_CONFIG PROGBITS        00001d40 002d40 000018 00  AX  0   0  4
  [18] .text.WWDT_CNT_Lo PROGBITS        00001d58 002d58 000010 00  AX  0   0  4
  [19] .text.WWDT_Int_Co PROGBITS        00001d68 002d68 000034 00  AX  0   0  4
  [20] .text.BT_Soft_Res PROGBITS        00001d9c 002d9c 00000a 00  AX  0   0  2
  [21] .text.BT_ConfigIn PROGBITS        00001da6 002da6 000012 00  AX  0   0  2
  [22] .text.delay_nms   PROGBITS        00001db8 002db8 00002c 00  AX  0   0  2
  [23] .text.SYSCON_CONF PROGBITS        00001de4 002de4 000078 00  AX  0   0  2
  [24] .text.APT32F102_i PROGBITS        00001e5c 002e5c 000028 00  AX  0   0  4
  [25] .text.SYSCONIntHa PROGBITS        00001e84 002e84 0000f8 00  AX  0   0  4
  [26] .text.IFCIntHandl PROGBITS        00001f7c 002f7c 000068 00  AX  0   0  4
  [27] .text.ADCIntHandl PROGBITS        00001fe4 002fe4 000068 00  AX  0   0  4
  [28] .text.EPT0IntHand PROGBITS        0000204c 00304c 0001a8 00  AX  0   0  4
  [29] .text.WWDTHandler PROGBITS        000021f4 0031f4 000034 00  AX  0   0  4
  [30] .text.GPT0IntHand PROGBITS        00002228 003228 000080 00  AX  0   0  4
  [31] .text.RTCIntHandl PROGBITS        000022a8 0032a8 000070 00  AX  0   0  4
  [32] .text.UART0IntHan PROGBITS        00002318 003318 00003c 00  AX  0   0  4
  [33] .text.UART1IntHan PROGBITS        00002354 003354 00003c 00  AX  0   0  4
  [34] .text.UART2IntHan PROGBITS        00002390 003390 00003c 00  AX  0   0  4
  [35] .text.SPI0IntHand PROGBITS        000023cc 0033cc 0000e8 00  AX  0   0  4
  [36] .text.SIO0IntHand PROGBITS        000024b4 0034b4 000084 00  AX  0   0  4
  [37] .text.EXI0IntHand PROGBITS        00002538 003538 000030 00  AX  0   0  4
  [38] .text.EXI1IntHand PROGBITS        00002568 003568 000030 00  AX  0   0  4
  [39] .text.EXI2to3IntH PROGBITS        00002598 003598 000048 00  AX  0   0  4
  [40] .text.EXI4to9IntH PROGBITS        000025e0 0035e0 00005c 00  AX  0   0  4
  [41] .text.EXI10to15In PROGBITS        0000263c 00363c 000060 00  AX  0   0  4
  [42] .text.LPTIntHandl PROGBITS        0000269c 00369c 000034 00  AX  0   0  4
  [43] .text.BT0IntHandl PROGBITS        000026d0 0036d0 00003c 00  AX  0   0  4
  [44] .text.BT1IntHandl PROGBITS        0000270c 00370c 000048 00  AX  0   0  4
  [45] .text.PriviledgeV PROGBITS        00002754 003754 000002 00  AX  0   0  2
  [46] .text.PendTrapHan PROGBITS        00002756 003756 000008 00  AX  0   0  2
  [47] .text.Trap3Handle PROGBITS        0000275e 00375e 000008 00  AX  0   0  2
[...]
	Removing .text.LPT_Trigger_Cnt(Obj/FWlib_apt32f102_lpt.o), (20 bytes).
	Removing .text.LPT_Soft_Trigger(Obj/FWlib_apt32f102_lpt.o), (16 bytes).
	Removing .text.LPT_Start(Obj/FWlib_apt32f102_lpt.o), (16 bytes).
	Removing .text.LPT_Stop(Obj/FWlib_apt32f102_lpt.o), (16 bytes).
	Removing .text.LPT_REARM_Write(Obj/FWlib_apt32f102_lpt.o), (16 bytes).
	Removing .text.LPT_REARM_Read(Obj/FWlib_apt32f102_lpt.o), (20 bytes).
	Removing .text.LPT_ConfigInterrupt_CMD(Obj/FWlib_apt32f102_lpt.o), (28 bytes).
	Removing .text.LPT_INT_ENABLE(Obj/FWlib_apt32f102_lpt.o), (16 bytes).
	Removing .text.LPT_INT_DISABLE(Obj/FWlib_apt32f102_lpt.o), (16 bytes).
	Removing .text(Obj/FWlib_apt32f102_crc.o), (0 bytes).
	Removing .data(Obj/FWlib_apt32f102_crc.o), (0 bytes).
	Removing .bss(Obj/FWlib_apt32f102_crc.o), (0 bytes).
	Removing .text.CRC_CMD(Obj/FWlib_apt32f102_crc.o), (24 bytes).
	Removing .text.CRC_Soft_Reset(Obj/FWlib_apt32f102_crc.o), (16 bytes).
	Removing .text.CRC_Configure(Obj/FWlib_apt32f102_crc.o), (36 bytes).
	Removing .text.CRC_Seed_Write(Obj/FWlib_apt32f102_crc.o), (12 bytes).
	Removing .text.CRC_Seed_Read(Obj/FWlib_apt32f102_crc.o), (12 bytes).
	Removing .text.CRC_Datain(Obj/FWlib_apt32f102_crc.o), (12 bytes).
	Removing .text.CRC_Result_Read(Obj/FWlib_apt32f102_crc.o), (12 bytes).
	Removing .text.Chip_CRC_CRC32(Obj/FWlib_apt32f102_crc.o), (28 bytes).
	Removing .text.Chip_CRC_CRC16(Obj/FWlib_apt32f102_crc.o), (52 bytes).
	Removing .text.Chip_CRC_CRC8(Obj/FWlib_apt32f102_crc.o), (44 bytes).
	Removing .debug_info(Obj/FWlib_apt32f102_crc.o), (7732 bytes).
	Removing .debug_abbrev(Obj/FWlib_apt32f102_crc.o), (592 bytes).
	Removing .debug_loc(Obj/FWlib_apt32f102_crc.o), (358 bytes).
	Removing .debug_aranges(Obj/FWlib_apt32f102_crc.o), (104 bytes).
	Removing .debug_ranges(Obj/FWlib_apt32f102_crc.o), (112 bytes).
	Removing .debug_line(Obj/FWlib_apt32f102_crc.o), (350 bytes).
	Removing .debug_str(Obj/FWlib_apt32f102_crc.o), (3155 bytes).
	Removing .comment(Obj/FWlib_apt32f102_crc.o), (67 bytes).
	Removing .debug_frame(Obj/FWlib_apt32f102_crc.o), (204 bytes).
	Removing .csky.attributes(Obj/FWlib_apt32f102_crc.o), (32 bytes).
	Removing .text(Obj/FWlib_apt32f102_wwdt.o), (0 bytes).
	Removing .data(Obj/FWlib_apt32f102_wwdt.o), (0 bytes).
	Removing .bss(Obj/FWlib_apt32f102_wwdt.o), (0 bytes).
	Removing .text.WWDT_DeInit(Obj/FWlib_apt32f102_wwdt.o), (28 bytes).
	Removing .text.WWDT_CMD(Obj/FWlib_apt32f102_wwdt.o), (24 bytes).
	Removing .text(Obj/FWlib_apt32f102_countera.o), (0 bytes).
	Removing .data(Obj/FWlib_apt32f102_countera.o), (0 bytes).
	Removing .bss(Obj/FWlib_apt32f102_countera.o), (0 bytes).
	Removing .text.COUNT_DeInit(Obj/FWlib_apt32f102_countera.o), (20 bytes).
	Removing .text.COUNTA_Int_Enable(Obj/FWlib_apt32f102_countera.o), (16 bytes).
	Removing .text.COUNTA_Int_Disable(Obj/FWlib_apt32f102_countera.o), (16 bytes).
	Removing .text.COUNTA_Wakeup_Enable(Obj/FWlib_apt32f102_countera.o), (16 bytes).
	Removing .text.COUNTA_Wakeup_Disable(Obj/FWlib_apt32f102_countera.o), (16 bytes).
	Removing .text.COUNTA_Init(Obj/FWlib_apt32f102_countera.o), (60 bytes).
	Removing .text.COUNTA_Config(Obj/FWlib_apt32f102_countera.o), (32 bytes).
	Removing .text.COUNTA_Start(Obj/FWlib_apt32f102_countera.o), (20 bytes).
	Removing .text.COUNTA_Stop(Obj/FWlib_apt32f102_countera.o), (16 bytes).
	Removing .text.COUNTA_Data_Update(Obj/FWlib_apt32f102_countera.o), (20 bytes).
	Removing .text.COUNTA_IO_Init(Obj/FWlib_apt32f102_countera.o), (80 bytes).
	Removing .debug_info(Obj/FWlib_apt32f102_countera.o), (7799 bytes).
	Removing .debug_abbrev(Obj/FWlib_apt32f102_countera.o), (381 bytes).
	Removing .debug_loc(Obj/FWlib_apt32f102_countera.o), (336 bytes).
	Removing .debug_aranges(Obj/FWlib_apt32f102_countera.o), (112 bytes).
	Removing .debug_ranges(Obj/FWlib_apt32f102_countera.o), (96 bytes).
	Removing .debug_line(Obj/FWlib_apt32f102_countera.o), (350 bytes).
	Removing .debug_str(Obj/FWlib_apt32f102_countera.o), (3472 bytes).
	Removing .comment(Obj/FWlib_apt32f102_countera.o), (67 bytes).
	Removing .debug_frame(Obj/FWlib_apt32f102_countera.o), (224 bytes).
	Removing .csky.attributes(Obj/FWlib_apt32f102_countera.o), (32 bytes).
	Removing .text(Obj/FWlib_apt32f102_et.o), (0 bytes).
	Removing .data(Obj/FWlib_apt32f102_et.o), (0 bytes).
	Removing .bss(Obj/FWlib_apt32f102_et.o), (0 bytes).
	Removing .text.ET_DeInit(Obj/FWlib_apt32f102_et.o), (40 bytes).
	Removing .text.ET_ENABLE(Obj/FWlib_apt32f102_et.o), (16 bytes).
	Removing .text.ET_DISABLE(Obj/FWlib_apt32f102_et.o), (16 bytes).
	Removing .text.ET_SWTRG_CMD(Obj/FWlib_apt32f102_et.o), (28 bytes).
	Removing .text.ET_CH0_SRCSEL(Obj/FWlib_apt32f102_et.o), (108 bytes).
	Removing .text.ET_CH0_CONTROL(Obj/FWlib_apt32f102_et.o), (40 bytes).
	Removing .text.ET_CH1_SRCSEL(Obj/FWlib_apt32f102_et.o), (108 bytes).
	Removing .text.ET_CH1_CONTROL(Obj/FWlib_apt32f102_et.o), (40 bytes).
	Removing .text.ET_CH2_SRCSEL(Obj/FWlib_apt32f102_et.o), (108 bytes).
	Removing .text.ET_CH2_CONTROL(Obj/FWlib_apt32f102_et.o), (40 bytes).
	Removing .text.ET_CHx_CONTROL(Obj/FWlib_apt32f102_et.o), (276 bytes).
	Removing .debug_info(Obj/FWlib_apt32f102_et.o), (7781 bytes).
	Removing .debug_abbrev(Obj/FWlib_apt32f102_et.o), (410 bytes).
	Removing .debug_loc(Obj/FWlib_apt32f102_et.o), (1318 bytes).
	Removing .debug_aranges(Obj/FWlib_apt32f102_et.o), (112 bytes).
	Removing .debug_ranges(Obj/FWlib_apt32f102_et.o), (96 bytes).
	Removing .debug_line(Obj/FWlib_apt32f102_et.o), (463 bytes).
	Removing .debug_str(Obj/FWlib_apt32f102_et.o), (3217 bytes).
	Removing .comment(Obj/FWlib_apt32f102_et.o), (67 bytes).
	Removing .debug_frame(Obj/FWlib_apt32f102_et.o), (204 bytes).
	Removing .csky.attributes(Obj/FWlib_apt32f102_et.o), (32 bytes).
	Removing .text(Obj/FWlib_apt32f102_bt.o), (0 bytes).
	Removing .data(Obj/FWlib_apt32f102_bt.o), (0 bytes).
	Removing .bss(Obj/FWlib_apt32f102_bt.o), (0 bytes).
	Removing .text.BT_DeInit(Obj/FWlib_apt32f102_bt.o), (28 bytes).
	Removing .text.BT_IO_Init(Obj/FWlib_apt32f102_bt.o), (332 bytes).
	Removing .text.BT_Start(Obj/FWlib_apt32f102_bt.o), (8 bytes).
	Removing .text.BT_Stop(Obj/FWlib_apt32f102_bt.o), (8 bytes).
	Removing .text.BT_Stop_High(Obj/FWlib_apt32f102_bt.o), (14 bytes).
	Removing .text.BT_Stop_Low(Obj/FWlib_apt32f102_bt.o), (14 bytes).
	Removing .text.BT_Configure(Obj/FWlib_apt32f102_bt.o), (24 bytes).
	Removing .text.BT_ControlSet_Configure(Obj/FWlib_apt32f102_bt.o), (44 bytes).
	Removing .text.BT_Period_CMP_Write(Obj/FWlib_apt32f102_bt.o), (6 bytes).
	Removing .text.BT_CNT_Write(Obj/FWlib_apt32f102_bt.o), (4 bytes).
	Removing .text.BT_PRDR_Read(Obj/FWlib_apt32f102_bt.o), (6 bytes).
	Removing .text.BT_CMP_Read(Obj/FWlib_apt32f102_bt.o), (6 bytes).
	Removing .text.BT_CNT_Read(Obj/FWlib_apt32f102_bt.o), (6 bytes).
	Removing .text.BT_Trigger_Configure(Obj/FWlib_apt32f102_bt.o), (10 bytes).
	Removing .text.BT_Soft_Tigger(Obj/FWlib_apt32f102_bt.o), (6 bytes).
	Removing .text.BT0_INT_ENABLE(Obj/FWlib_apt32f102_bt.o), (16 bytes).
	Removing .text.BT0_INT_DISABLE(Obj/FWlib_apt32f102_bt.o), (16 bytes).
	Removing .text.BT1_INT_ENABLE(Obj/FWlib_apt32f102_bt.o), (16 bytes).
	Removing .text.BT1_INT_DISABLE(Obj/FWlib_apt32f102_bt.o), (16 bytes).
	Removing .text(Obj/FWlib_apt32f102_gpt.o), (0 bytes).
	Removing .data(Obj/FWlib_apt32f102_gpt.o), (0 bytes).
	Removing .bss(Obj/FWlib_apt32f102_gpt.o), (0 bytes).
	Removing .text.GPT_DeInit(Obj/FWlib_apt32f102_gpt.o), (96 bytes).
	Removing .text.GPT_IO_Init(Obj/FWlib_apt32f102_gpt.o), (160 bytes).
	Removing .text.GPT_Configure(Obj/FWlib_apt32f102_gpt.o), (20 bytes).
	Removing .text.GPT_WaveCtrl_Configure(Obj/FWlib_apt32f102_gpt.o), (68 bytes).
	Removing .text.GPT_WaveLoad_Configure(Obj/FWlib_apt32f102_gpt.o), (20 bytes).
	Removing .text.GPT_WaveOut_Configure(Obj/FWlib_apt32f102_gpt.o), (180 bytes).
	Removing .text.GPT_Capture_Config(Obj/FWlib_apt32f102_gpt.o), (68 bytes).
	Removing .text.GPT_SyncSet_Configure(Obj/FWlib_apt32f102_gpt.o), (36 bytes).
	Removing .text.GPT_Trigger_Configure(Obj/FWlib_apt32f102_gpt.o), (44 bytes).
	Removing .text.GPT_EVTRG_Configure(Obj/FWlib_apt32f102_gpt.o), (92 bytes).
	Removing .text.GPT_OneceForce_Out(Obj/FWlib_apt32f102_gpt.o), (32 bytes).
	Removing .text.GPT_Force_Out(Obj/FWlib_apt32f102_gpt.o), (16 bytes).
	Removing .text.GPT_CmpLoad_Configure(Obj/FWlib_apt32f102_gpt.o), (20 bytes).
	Removing .text.GPT_Debug_Mode(Obj/FWlib_apt32f102_gpt.o), (24 bytes).
	Removing .text.GPT_Start(Obj/FWlib_apt32f102_gpt.o), (16 bytes).
	Removing .text.GPT_Stop(Obj/FWlib_apt32f102_gpt.o), (16 bytes).
	Removing .text.GPT_Soft_Reset(Obj/FWlib_apt32f102_gpt.o), (20 bytes).
	Removing .text.GPT_Cap_Rearm(Obj/FWlib_apt32f102_gpt.o), (16 bytes).
	Removing .text.GPT_Mode_CMD(Obj/FWlib_apt32f102_gpt.o), (16 bytes).
	Removing .text.GPT_REARM_Write(Obj/FWlib_apt32f102_gpt.o), (16 bytes).
	Removing .text.GPT_REARM_Read(Obj/FWlib_apt32f102_gpt.o), (20 bytes).
	Removing .text.GPT_Period_CMP_Write(Obj/FWlib_apt32f102_gpt.o), (16 bytes).
	Removing .text.GPT_PRDR_Read(Obj/FWlib_apt32f102_gpt.o), (16 bytes).
	Removing .text.GPT_CMPA_Read(Obj/FWlib_apt32f102_gpt.o), (16 bytes).
	Removing .text.GPT_CMPB_Read(Obj/FWlib_apt32f102_gpt.o), (16 bytes).
	Removing .text.GPT_CNT_Read(Obj/FWlib_apt32f102_gpt.o), (16 bytes).
	Removing .text.GPT_ConfigInterrupt_CMD(Obj/FWlib_apt32f102_gpt.o), (28 bytes).
	Removing .text.GPT_INT_ENABLE(Obj/FWlib_apt32f102_gpt.o), (16 bytes).
	Removing .text.GPT_INT_DISABLE(Obj/FWlib_apt32f102_gpt.o), (16 bytes).
	Removing .debug_info(Obj/FWlib_apt32f102_gpt.o), (11442 bytes).
	Removing .debug_abbrev(Obj/FWlib_apt32f102_gpt.o), (562 bytes).
	Removing .debug_loc(Obj/FWlib_apt32f102_gpt.o), (2212 bytes).
	Removing .debug_aranges(Obj/FWlib_apt32f102_gpt.o), (256 bytes).
	Removing .debug_ranges(Obj/FWlib_apt32f102_gpt.o), (240 bytes).
	Removing .debug_line(Obj/FWlib_apt32f102_gpt.o), (754 bytes).
	Removing .debug_str(Obj/FWlib_apt32f102_gpt.o), (8080 bytes).
	Removing .comment(Obj/FWlib_apt32f102_gpt.o), (67 bytes).
	Removing .debug_frame(Obj/FWlib_apt32f102_gpt.o), (616 bytes).
	Removing .csky.attributes(Obj/FWlib_apt32f102_gpt.o), (32 bytes).
	Removing .text(Obj/FWlib_apt32f102_sio.o), (0 bytes).
	Removing .data(Obj/FWlib_apt32f102_sio.o), (0 bytes).
	Removing .bss(Obj/FWlib_apt32f102_sio.o), (0 bytes).
	Removing .text.SIO_DeInit(Obj/FWlib_apt32f102_sio.o), (32 bytes).
	Removing .text.SIO_IO_Init(Obj/FWlib_apt32f102_sio.o), (96 bytes).
	Removing .text.SIO_TX_Init(Obj/FWlib_apt32f102_sio.o), (16 bytes).
	Removing .text.SIO_TX_Configure(Obj/FWlib_apt32f102_sio.o), (80 bytes).
	Removing .text.SIO_TXBUF_Set(Obj/FWlib_apt32f102_sio.o), (156 bytes).
	Removing .text.SIO_RX_Init(Obj/FWlib_apt32f102_sio.o), (20 bytes).
	Removing .text.SIO_RX_Configure0(Obj/FWlib_apt32f102_sio.o), (96 bytes).
	Removing .text.SIO_RX_Configure1(Obj/FWlib_apt32f102_sio.o), (32 bytes).
	Removing .text.SIO_ConfigInterrupt_CMD(Obj/FWlib_apt32f102_sio.o), (28 bytes).
	Removing .text.SIO_INT_ENABLE(Obj/FWlib_apt32f102_sio.o), (16 bytes).
	Removing .text.SIO_INT_DISABLE(Obj/FWlib_apt32f102_sio.o), (16 bytes).
	Removing .debug_info(Obj/FWlib_apt32f102_sio.o), (8669 bytes).
	Removing .debug_abbrev(Obj/FWlib_apt32f102_sio.o), (405 bytes).
	Removing .debug_loc(Obj/FWlib_apt32f102_sio.o), (1996 bytes).
	Removing .debug_aranges(Obj/FWlib_apt32f102_sio.o), (112 bytes).
	Removing .debug_ranges(Obj/FWlib_apt32f102_sio.o), (96 bytes).
	Removing .debug_line(Obj/FWlib_apt32f102_sio.o), (391 bytes).
	Removing .debug_str(Obj/FWlib_apt32f102_sio.o), (4185 bytes).
	Removing .comment(Obj/FWlib_apt32f102_sio.o), (67 bytes).
	Removing .debug_frame(Obj/FWlib_apt32f102_sio.o), (260 bytes).
	Removing .csky.attributes(Obj/FWlib_apt32f102_sio.o), (32 bytes).
	Removing .text(Obj/FWlib_apt32f102_spi.o), (0 bytes).
	Removing .data(Obj/FWlib_apt32f102_spi.o), (0 bytes).
	Removing .bss(Obj/FWlib_apt32f102_spi.o), (0 bytes).
	Removing .text.SPI_DeInit(Obj/FWlib_apt32f102_spi.o), (32 bytes).
	Removing .text.SPI_NSS_IO_Init(Obj/FWlib_apt32f102_spi.o), (52 bytes).
	Removing .text.SPI_Master_Init(Obj/FWlib_apt32f102_spi.o), (176 bytes).
	Removing .text.SPI_Slave_Init(Obj/FWlib_apt32f102_spi.o), (156 bytes).
	Removing .text.SPI_WRITE_BYTE(Obj/FWlib_apt32f102_spi.o), (32 bytes).
	Removing .text.SPI_READ_BYTE(Obj/FWlib_apt32f102_spi.o), (100 bytes).
	Removing .text.SPI_ConfigInterrupt_CMD(Obj/FWlib_apt32f102_spi.o), (28 bytes).
	Removing .text.SPI_Int_Enable(Obj/FWlib_apt32f102_spi.o), (16 bytes).
	Removing .text.SPI_Int_Disable(Obj/FWlib_apt32f102_spi.o), (16 bytes).
	Removing .text.SPI_Wakeup_Enable(Obj/FWlib_apt32f102_spi.o), (16 bytes).
	Removing .text.SPI_Wakeup_Disable(Obj/FWlib_apt32f102_spi.o), (16 bytes).
	Removing .debug_info(Obj/FWlib_apt32f102_spi.o), (7854 bytes).
	Removing .debug_abbrev(Obj/FWlib_apt32f102_spi.o), (402 bytes).
	Removing .debug_loc(Obj/FWlib_apt32f102_spi.o), (641 bytes).
	Removing .debug_aranges(Obj/FWlib_apt32f102_spi.o), (112 bytes).
	Removing .debug_ranges(Obj/FWlib_apt32f102_spi.o), (96 bytes).
	Removing .debug_line(Obj/FWlib_apt32f102_spi.o), (407 bytes).
	Removing .debug_str(Obj/FWlib_apt32f102_spi.o), (3588 bytes).
	Removing .comment(Obj/FWlib_apt32f102_spi.o), (67 bytes).
	Removing .debug_frame(Obj/FWlib_apt32f102_spi.o), (240 bytes).
	Removing .csky.attributes(Obj/FWlib_apt32f102_spi.o), (32 bytes).
	Removing .text(Obj/FWlib_apt32f102_uart.o), (0 bytes).
	Removing .data(Obj/FWlib_apt32f102_uart.o), (0 bytes).
	Removing .bss(Obj/FWlib_apt32f102_uart.o), (2 bytes).
	Removing .text.UART0_DeInit(Obj/FWlib_apt32f102_uart.o), (24 bytes).
	Removing .text.UART1_DeInit(Obj/FWlib_apt32f102_uart.o), (24 bytes).
	Removing .text.UART2_DeInit(Obj/FWlib_apt32f102_uart.o), (24 bytes).
	Removing .text.UART0_Int_Enable(Obj/FWlib_apt32f102_uart.o), (28 bytes).
	Removing .text.UART0_Int_Disable(Obj/FWlib_apt32f102_uart.o), (16 bytes).
	Removing .text.UART1_Int_Enable(Obj/FWlib_apt32f102_uart.o), (28 bytes).
	Removing .text.UART1_Int_Disable(Obj/FWlib_apt32f102_uart.o), (16 bytes).
	Removing .text.UART2_Int_Enable(Obj/FWlib_apt32f102_uart.o), (28 bytes).
	Removing .text.UART2_Int_Disable(Obj/FWlib_apt32f102_uart.o), (16 bytes).
	Removing .text.UART0_WakeUp_Enable(Obj/FWlib_apt32f102_uart.o), (16 bytes).
	Removing .text.UART0_WakeUp_Disable(Obj/FWlib_apt32f102_uart.o), (16 bytes).
	Removing .text.UART1_WakeUp_Enable(Obj/FWlib_apt32f102_uart.o), (16 bytes).
	Removing .text.UART1_WakeUp_Disable(Obj/FWlib_apt32f102_uart.o), (16 bytes).
	Removing .text.UART2_WakeUp_Enable(Obj/FWlib_apt32f102_uart.o), (16 bytes).
	Removing .text.UART2_WakeUp_Disable(Obj/FWlib_apt32f102_uart.o), (16 bytes).
	Removing .text.UART_IO_Init(Obj/FWlib_apt32f102_uart.o), (236 bytes).
	Removing .text.UARTInit(Obj/FWlib_apt32f102_uart.o), (10 bytes).
	Removing .text.UARTInitRxTxIntEn(Obj/FWlib_apt32f102_uart.o), (10 bytes).
	Removing .text.UARTInitRxIntEn(Obj/FWlib_apt32f102_uart.o), (10 bytes).
	Removing .text.UARTClose(Obj/FWlib_apt32f102_uart.o), (6 bytes).
	Removing .text.UARTTxByte(Obj/FWlib_apt32f102_uart.o), (14 bytes).
	Removing .text.UARTTransmit(Obj/FWlib_apt32f102_uart.o), (30 bytes).
	Removing .text.UARTTTransmit_data_set(Obj/FWlib_apt32f102_uart.o), (44 bytes).
	Removing .text.UARTTransmit_INT_Send(Obj/FWlib_apt32f102_uart.o), (72 bytes).
	Removing .text.UARTRxByte(Obj/FWlib_apt32f102_uart.o), (22 bytes).
	Removing .text.UART_ReturnRxByte(Obj/FWlib_apt32f102_uart.o), (24 bytes).
	Removing .text.UARTReceive(Obj/FWlib_apt32f102_uart.o), (56 bytes).
	Removing .debug_info(Obj/FWlib_apt32f102_uart.o), (8294 bytes).
	Removing .debug_abbrev(Obj/FWlib_apt32f102_uart.o), (534 bytes).
	Removing .debug_loc(Obj/FWlib_apt32f102_uart.o), (393 bytes).
	Removing .debug_aranges(Obj/FWlib_apt32f102_uart.o), (240 bytes).
	Removing .debug_ranges(Obj/FWlib_apt32f102_uart.o), (224 bytes).
	Removing .debug_line(Obj/FWlib_apt32f102_uart.o), (709 bytes).
	Removing .debug_str(Obj/FWlib_apt32f102_uart.o), (3526 bytes).
	Removing .comment(Obj/FWlib_apt32f102_uart.o), (67 bytes).
	Removing .debug_frame(Obj/FWlib_apt32f102_uart.o), (476 bytes).
	Removing .csky.attributes(Obj/FWlib_apt32f102_uart.o), (32 bytes).
	Removing COMMON(Obj/FWlib_apt32f102_uart.o), (36 bytes).
	Removing .text(Obj/FWlib_apt32f102_i2c.o), (0 bytes).
	Removing .data(Obj/FWlib_apt32f102_i2c.o), (0 bytes).
	Removing .bss(Obj/FWlib_apt32f102_i2c.o), (6 bytes).
	Removing .text.I2C_DeInit(Obj/FWlib_apt32f102_i2c.o), (24 bytes).
	Removing .text.I2C_Master_CONFIG(Obj/FWlib_apt32f102_i2c.o), (320 bytes).
	Removing .text.I2C_Slave_CONFIG(Obj/FWlib_apt32f102_i2c.o), (332 bytes).
	Removing .text.I2C_SDA_TSETUP_THOLD_CONFIG(Obj/FWlib_apt32f102_i2c.o), (20 bytes).
	Removing .text.I2C_ConfigInterrupt_CMD(Obj/FWlib_apt32f102_i2c.o), (28 bytes).
	Removing .text.I2C_FIFO_TriggerData(Obj/FWlib_apt32f102_i2c.o), (16 bytes).
	Removing .text.I2C_Stop(Obj/FWlib_apt32f102_i2c.o), (16 bytes).
	Removing .text.I2C_Enable(Obj/FWlib_apt32f102_i2c.o), (28 bytes).
	Removing .text.I2C_Disable(Obj/FWlib_apt32f102_i2c.o), (28 bytes).
	Removing .text.I2C_Abort_EN(Obj/FWlib_apt32f102_i2c.o), (16 bytes).
	Removing .text.I2C_Abort_Status(Obj/FWlib_apt32f102_i2c.o), (20 bytes).
	Removing .text.I2C_SDA_Recover_EN(Obj/FWlib_apt32f102_i2c.o), (16 bytes).
	Removing .text.I2C_SDA_Recover_DIS(Obj/FWlib_apt32f102_i2c.o), (16 bytes).
	Removing .text.I2C_Int_Enable(Obj/FWlib_apt32f102_i2c.o), (16 bytes).
	Removing .text.I2C_Int_Disable(Obj/FWlib_apt32f102_i2c.o), (16 bytes).
	Removing .text.I2C_WRITE_Byte(Obj/FWlib_apt32f102_i2c.o), (112 bytes).
	Removing .text.I2C_WRITE_nByte(Obj/FWlib_apt32f102_i2c.o), (160 bytes).
	Removing .text.I2C_READ_Byte(Obj/FWlib_apt32f102_i2c.o), (100 bytes).
	Removing .text.I2C_READ_nByte(Obj/FWlib_apt32f102_i2c.o), (160 bytes).
	Removing .text.I2C_Slave_Receive(Obj/FWlib_apt32f102_i2c.o), (384 bytes).
	Removing .debug_info(Obj/FWlib_apt32f102_i2c.o), (8426 bytes).
	Removing .debug_abbrev(Obj/FWlib_apt32f102_i2c.o), (576 bytes).
	Removing .debug_loc(Obj/FWlib_apt32f102_i2c.o), (1150 bytes).
	Removing .debug_aranges(Obj/FWlib_apt32f102_i2c.o), (184 bytes).
	Removing .debug_ranges(Obj/FWlib_apt32f102_i2c.o), (168 bytes).
	Removing .debug_line(Obj/FWlib_apt32f102_i2c.o), (847 bytes).
	Removing .debug_str(Obj/FWlib_apt32f102_i2c.o), (3704 bytes).
	Removing .comment(Obj/FWlib_apt32f102_i2c.o), (67 bytes).
	Removing .debug_frame(Obj/FWlib_apt32f102_i2c.o), (452 bytes).
	Removing .csky.attributes(Obj/FWlib_apt32f102_i2c.o), (32 bytes).
	Removing COMMON(Obj/FWlib_apt32f102_i2c.o), (70 bytes).
	Removing .text(Obj/FWlib_apt32f102_ept.o), (0 bytes).
	Removing .data(Obj/FWlib_apt32f102_ept.o), (0 bytes).
	Removing .bss(Obj/FWlib_apt32f102_ept.o), (0 bytes).
	Removing .text.EPT_Software_Prg(Obj/FWlib_apt32f102_ept.o), (32 bytes).
	Removing .text.EPT_Start(Obj/FWlib_apt32f102_ept.o), (40 bytes).
	Removing .text.EPT_Stop(Obj/FWlib_apt32f102_ept.o), (40 bytes).
	Removing .text.EPT_IO_SET(Obj/FWlib_apt32f102_ept.o), (568 bytes).
	Removing .text.EPT_PWM_Config(Obj/FWlib_apt32f102_ept.o), (56 bytes).
	Removing .text.EPT_CG_gate_Config(Obj/FWlib_apt32f102_ept.o), (116 bytes).
	Removing .text.EPT_Capture_Config(Obj/FWlib_apt32f102_ept.o), (104 bytes).
	Removing .text.EPT_SYNCR_Config(Obj/FWlib_apt32f102_ept.o), (52 bytes).
	Removing .text.EPT_CPCR_Config(Obj/FWlib_apt32f102_ept.o), (80 bytes).
	Removing .text.EPT_DBCR_Config(Obj/FWlib_apt32f102_ept.o), (96 bytes).
	Removing .text.EPT_DB_CLK_Config(Obj/FWlib_apt32f102_ept.o), (16 bytes).
	Removing .text.EPT_PWMX_Output_Control(Obj/FWlib_apt32f102_ept.o), (216 bytes).
	Removing .text.EPT_Tevent_Selecte(Obj/FWlib_apt32f102_ept.o), (16 bytes).
	Removing .text.EPT_PHSEN_Config(Obj/FWlib_apt32f102_ept.o), (24 bytes).
	Removing .text.EPT_PRDR_CMPA_CMPB_CMPC_CMPD_Config(Obj/FWlib_apt32f102_ept.o), (28 bytes).
	Removing .text.EPT_SYNCR_RearmClr(Obj/FWlib_apt32f102_ept.o), (40 bytes).
	Removing .text.EPT_Caputure_Rearm(Obj/FWlib_apt32f102_ept.o), (20 bytes).
	Removing .text.EPT_Globle_Eventload_Config(Obj/FWlib_apt32f102_ept.o), (24 bytes).
	Removing .text.EPT_Globle_SwLoad_CMD(Obj/FWlib_apt32f102_ept.o), (28 bytes).
	Removing .text.EPT_PRDR_EventLoad_Config(Obj/FWlib_apt32f102_ept.o), (28 bytes).
	Removing .text.EPT_CMP_EventLoad_Config(Obj/FWlib_apt32f102_ept.o), (68 bytes).
	Removing .text.EPT_AQCR_Eventload_Config(Obj/FWlib_apt32f102_ept.o), (72 bytes).
	Removing .text.EPT_DB_Eventload_Config(Obj/FWlib_apt32f102_ept.o), (72 bytes).
	Removing .text.EPT_TRGSRCX_Config(Obj/FWlib_apt32f102_ept.o), (136 bytes).
	Removing .text.EPT_TRGSRCX_SWFTRG(Obj/FWlib_apt32f102_ept.o), (72 bytes).
	Removing .text.EPT_Int_Enable(Obj/FWlib_apt32f102_ept.o), (20 bytes).
	Removing .text.EPT_Int_Disable(Obj/FWlib_apt32f102_ept.o), (20 bytes).
	Removing .text.EPT_EMInt_Enable(Obj/FWlib_apt32f102_ept.o), (20 bytes).
	Removing .text.EPT_EMInt_Disable(Obj/FWlib_apt32f102_ept.o), (20 bytes).
	Removing .text.EPT_Vector_Int_Enable(Obj/FWlib_apt32f102_ept.o), (12 bytes).
	Removing .text.EPT_Vector_Int_Disable(Obj/FWlib_apt32f102_ept.o), (12 bytes).
	Removing .text.EPT_EPX_Config(Obj/FWlib_apt32f102_ept.o), (176 bytes).
	Removing .text.EPT_EPIX_POL_Config(Obj/FWlib_apt32f102_ept.o), (24 bytes).
	Removing .text.EPT_LKCR_TRG_Config(Obj/FWlib_apt32f102_ept.o), (120 bytes).
	Removing .text.EPT_SHLOCK_OUTPUT_Config(Obj/FWlib_apt32f102_ept.o), (28 bytes).
	Removing .text.EPT_SLock_CLR(Obj/FWlib_apt32f102_ept.o), (20 bytes).
	Removing .text.EPT_HLock_CLR(Obj/FWlib_apt32f102_ept.o), (20 bytes).
	Removing .text.EPT_SW_Set_lock(Obj/FWlib_apt32f102_ept.o), (28 bytes).
	Removing .debug_info(Obj/FWlib_apt32f102_ept.o), (12790 bytes).
	Removing .debug_abbrev(Obj/FWlib_apt32f102_ept.o), (494 bytes).
	Removing .debug_loc(Obj/FWlib_apt32f102_ept.o), (2467 bytes).
	Removing .debug_aranges(Obj/FWlib_apt32f102_ept.o), (328 bytes).
	Removing .debug_ranges(Obj/FWlib_apt32f102_ept.o), (312 bytes).
	Removing .debug_line(Obj/FWlib_apt32f102_ept.o), (1185 bytes).
	Removing .debug_str(Obj/FWlib_apt32f102_ept.o), (12492 bytes).
	Removing .comment(Obj/FWlib_apt32f102_ept.o), (67 bytes).
	Removing .debug_frame(Obj/FWlib_apt32f102_ept.o), (784 bytes).
	Removing .csky.attributes(Obj/FWlib_apt32f102_ept.o), (32 bytes).
	Removing .text(Obj/FWlib_apt32f102_rtc.o), (0 bytes).
	Removing .data(Obj/FWlib_apt32f102_rtc.o), (0 bytes).
	Removing .bss(Obj/FWlib_apt32f102_rtc.o), (0 bytes).
	Removing .text.RTC_RST_VALUE(Obj/FWlib_apt32f102_rtc.o), (40 bytes).
	Removing .text.RTC_ALM_IO_SET(Obj/FWlib_apt32f102_rtc.o), (64 bytes).
	Removing .text.RTCCLK_CONFIG(Obj/FWlib_apt32f102_rtc.o), (72 bytes).
	Removing .text.RTC_Function_Config(Obj/FWlib_apt32f102_rtc.o), (44 bytes).
	Removing .text.RTC_Start(Obj/FWlib_apt32f102_rtc.o), (44 bytes).
	Removing .text.RTC_Stop(Obj/FWlib_apt32f102_rtc.o), (44 bytes).
	Removing .text.RTC_TIMR_DATR_SET(Obj/FWlib_apt32f102_rtc.o), (68 bytes).
	Removing .text.RTC_TIMR_DATR_Read(Obj/FWlib_apt32f102_rtc.o), (84 bytes).
	Removing .text.RTC_Alarm_TIMR_DATR_SET(Obj/FWlib_apt32f102_rtc.o), (172 bytes).
	Removing .text.RTC_AlarmA_TIMR_DATR_Read(Obj/FWlib_apt32f102_rtc.o), (60 bytes).
	Removing .text.RTC_AlarmB_TIMR_DATR_Read(Obj/FWlib_apt32f102_rtc.o), (60 bytes).
	Removing .text.RTC_TRGSRC0_Config(Obj/FWlib_apt32f102_rtc.o), (40 bytes).
	Removing .text.RTC_TRGSRC1_Config(Obj/FWlib_apt32f102_rtc.o), (40 bytes).
	Removing .text.RTC_TRGSRC0_SWFTRG(Obj/FWlib_apt32f102_rtc.o), (16 bytes).
	Removing .text.RTC_TRGSRC1_SWFTRG(Obj/FWlib_apt32f102_rtc.o), (16 bytes).
	Removing .text.RTC_Int_Enable(Obj/FWlib_apt32f102_rtc.o), (20 bytes).
	Removing .text.RTC_Int_Disable(Obj/FWlib_apt32f102_rtc.o), (16 bytes).
	Removing .text.RTC_Vector_Int_Enable(Obj/FWlib_apt32f102_rtc.o), (16 bytes).
	Removing .text.RTC_Vector_Int_Disable(Obj/FWlib_apt32f102_rtc.o), (16 bytes).
	Removing .text.RTC_WakeUp_Enable(Obj/FWlib_apt32f102_rtc.o), (16 bytes).
	Removing .text.RTC_WakeUp_Disable(Obj/FWlib_apt32f102_rtc.o), (16 bytes).
	Removing .debug_info(Obj/FWlib_apt32f102_rtc.o), (8815 bytes).
	Removing .debug_abbrev(Obj/FWlib_apt32f102_rtc.o), (494 bytes).
	Removing .debug_loc(Obj/FWlib_apt32f102_rtc.o), (535 bytes).
	Removing .debug_aranges(Obj/FWlib_apt32f102_rtc.o), (192 bytes).
	Removing .debug_ranges(Obj/FWlib_apt32f102_rtc.o), (176 bytes).
	Removing .debug_line(Obj/FWlib_apt32f102_rtc.o), (606 bytes).
	Removing .debug_str(Obj/FWlib_apt32f102_rtc.o), (4904 bytes).
	Removing .comment(Obj/FWlib_apt32f102_rtc.o), (67 bytes).
	Removing .debug_frame(Obj/FWlib_apt32f102_rtc.o), (428 bytes).
	Removing .csky.attributes(Obj/FWlib_apt32f102_rtc.o), (32 bytes).
	Removing COMMON(Obj/FWlib_apt32f102_rtc.o), (15 bytes).
	Removing .text(Obj/FWlib_apt32f102_adc.o), (0 bytes).
	Removing .data(Obj/FWlib_apt32f102_adc.o), (0 bytes).
	Removing .bss(Obj/FWlib_apt32f102_adc.o), (0 bytes).
	Removing .text.ADC12_RESET_VALUE(Obj/FWlib_apt32f102_adc.o), (100 bytes).
	Removing .text.ADC12_Control(Obj/FWlib_apt32f102_adc.o), (16 bytes).
	Removing .text.ADC12_CMD.part.0(Obj/FWlib_apt32f102_adc.o), (32 bytes).
	Removing .text.ADC12_ConfigInterrupt_CMD(Obj/FWlib_apt32f102_adc.o), (32 bytes).
	Removing .text.ADC12_Read_IntEnStatus(Obj/FWlib_apt32f102_adc.o), (20 bytes).
	Removing .text.ADC12_CLK_CMD(Obj/FWlib_apt32f102_adc.o), (44 bytes).
	Removing .text.ADC12_Software_Reset(Obj/FWlib_apt32f102_adc.o), (10 bytes).
	Removing .text.ADC12_CMD(Obj/FWlib_apt32f102_adc.o), (40 bytes).
	Removing .text.ADC12_ready_wait(Obj/FWlib_apt32f102_adc.o), (20 bytes).
	Removing .text.ADC12_EOC_wait(Obj/FWlib_apt32f102_adc.o), (20 bytes).
	Removing .text.ADC12_SEQEND_wait(Obj/FWlib_apt32f102_adc.o), (24 bytes).
	Removing .text.ADC12_DATA_OUPUT(Obj/FWlib_apt32f102_adc.o), (20 bytes).
	Removing .text.ADC12_Configure_Mode(Obj/FWlib_apt32f102_adc.o), (124 bytes).
	Removing .text.ADC12_Configure_VREF_Selecte(Obj/FWlib_apt32f102_adc.o), (408 bytes).
	Removing .text.ADC12_CompareFunction_set(Obj/FWlib_apt32f102_adc.o), (32 bytes).
	Removing .text.ADC12_ConversionChannel_Config(Obj/FWlib_apt32f102_adc.o), (384 bytes).
	Removing .text.ADC12_Compare_statue(Obj/FWlib_apt32f102_adc.o), (44 bytes).
	Removing .text.ADC_Int_Enable(Obj/FWlib_apt32f102_adc.o), (28 bytes).
	Removing .text.ADC_Int_Disable(Obj/FWlib_apt32f102_adc.o), (12 bytes).
	Removing .debug_info(Obj/FWlib_apt32f102_adc.o), (8666 bytes).
	Removing .debug_abbrev(Obj/FWlib_apt32f102_adc.o), (663 bytes).
	Removing .debug_loc(Obj/FWlib_apt32f102_adc.o), (936 bytes).
	Removing .debug_aranges(Obj/FWlib_apt32f102_adc.o), (176 bytes).
	Removing .debug_ranges(Obj/FWlib_apt32f102_adc.o), (160 bytes).
	Removing .debug_line(Obj/FWlib_apt32f102_adc.o), (684 bytes).
	Removing .debug_str(Obj/FWlib_apt32f102_adc.o), (5012 bytes).
	Removing .comment(Obj/FWlib_apt32f102_adc.o), (67 bytes).
	Removing .debug_frame(Obj/FWlib_apt32f102_adc.o), (400 bytes).
	Removing .csky.attributes(Obj/FWlib_apt32f102_adc.o), (32 bytes).
	Removing .text(Obj/FWlib_apt32f102_ifc.o), (0 bytes).
	Removing .data(Obj/FWlib_apt32f102_ifc.o), (0 bytes).
	Removing .bss(Obj/FWlib_apt32f102_ifc.o), (1 bytes).
	Removing .text.ChipErase(Obj/FWlib_apt32f102_ifc.o), (36 bytes).
	Removing .text.PageErase(Obj/FWlib_apt32f102_ifc.o), (36 bytes).
	Removing .text.Page_ProgramData_int(Obj/FWlib_apt32f102_ifc.o), (156 bytes).
	Removing .text.Page_ProgramData(Obj/FWlib_apt32f102_ifc.o), (160 bytes).
	Removing .text.Page_ProgramData_U32(Obj/FWlib_apt32f102_ifc.o), (124 bytes).
	Removing .text.ReadDataArry(Obj/FWlib_apt32f102_ifc.o), (46 bytes).
	Removing .text.ReadDataArry_U8(Obj/FWlib_apt32f102_ifc.o), (42 bytes).
	Removing .text.ReadDataArry_U32(Obj/FWlib_apt32f102_ifc.o), (22 bytes).
	Removing .text.IFC_interrupt_CMD(Obj/FWlib_apt32f102_ifc.o), (28 bytes).
	Removing .text.IFC_Int_Enable(Obj/FWlib_apt32f102_ifc.o), (28 bytes).
	Removing .text.IFC_Int_Disable(Obj/FWlib_apt32f102_ifc.o), (12 bytes).
	Removing .debug_info(Obj/FWlib_apt32f102_ifc.o), (9889 bytes).
	Removing .debug_abbrev(Obj/FWlib_apt32f102_ifc.o), (525 bytes).
	Removing .debug_loc(Obj/FWlib_apt32f102_ifc.o), (403 bytes).
	Removing .debug_aranges(Obj/FWlib_apt32f102_ifc.o), (112 bytes).
	Removing .debug_ranges(Obj/FWlib_apt32f102_ifc.o), (96 bytes).
	Removing .debug_line(Obj/FWlib_apt32f102_ifc.o), (470 bytes).
	Removing .debug_str(Obj/FWlib_apt32f102_ifc.o), (7661 bytes).
	Removing .comment(Obj/FWlib_apt32f102_ifc.o), (67 bytes).
	Removing .debug_frame(Obj/FWlib_apt32f102_ifc.o), (268 bytes).
	Removing .csky.attributes(Obj/FWlib_apt32f102_ifc.o), (32 bytes).
	Removing COMMON(Obj/FWlib_apt32f102_ifc.o), (4 bytes).
	Removing .text(Obj/FWlib_apt32f102_tkey_parameter.o), (0 bytes).
	Removing .data(Obj/FWlib_apt32f102_tkey_parameter.o), (0 bytes).
	Removing .bss(Obj/FWlib_apt32f102_tkey_parameter.o), (0 bytes).
	Removing .text.tk_parameter_init(Obj/FWlib_apt32f102_tkey_parameter.o), (284 bytes).
	Removing .text(Obj/FWlib_apt32f102_coret.o), (0 bytes).
	Removing .data(Obj/FWlib_apt32f102_coret.o), (0 bytes).
	Removing .bss(Obj/FWlib_apt32f102_coret.o), (0 bytes).
	Removing .text.CORET_DeInit(Obj/FWlib_apt32f102_coret.o), (24 bytes).
	Removing .text.CORET_Int_Enable(Obj/FWlib_apt32f102_coret.o), (24 bytes).
	Removing .text.CORET_Int_Disable(Obj/FWlib_apt32f102_coret.o), (12 bytes).
	Removing .text.CORET_WakeUp_Enable(Obj/FWlib_apt32f102_coret.o), (12 bytes).
	Removing .text.CORET_WakeUp_Disable(Obj/FWlib_apt32f102_coret.o), (12 bytes).
	Removing .text.CORET_start(Obj/FWlib_apt32f102_coret.o), (16 bytes).
	Removing .text.CORET_stop(Obj/FWlib_apt32f102_coret.o), (16 bytes).
	Removing .text.CORET_CLKSOURCE_EX(Obj/FWlib_apt32f102_coret.o), (16 bytes).
	Removing .text.CORET_CLKSOURCE_IN(Obj/FWlib_apt32f102_coret.o), (16 bytes).
	Removing .text.CORET_TICKINT_Enable(Obj/FWlib_apt32f102_coret.o), (16 bytes).
	Removing .text.CORET_TICKINT_Disable(Obj/FWlib_apt32f102_coret.o), (16 bytes).
	Removing .text.CORET_reload(Obj/FWlib_apt32f102_coret.o), (16 bytes).
	Removing .debug_info(Obj/FWlib_apt32f102_coret.o), (7132 bytes).
	Removing .debug_abbrev(Obj/FWlib_apt32f102_coret.o), (295 bytes).
	Removing .debug_aranges(Obj/FWlib_apt32f102_coret.o), (120 bytes).
	Removing .debug_ranges(Obj/FWlib_apt32f102_coret.o), (104 bytes).
	Removing .debug_line(Obj/FWlib_apt32f102_coret.o), (323 bytes).
	Removing .debug_str(Obj/FWlib_apt32f102_coret.o), (2910 bytes).
	Removing .comment(Obj/FWlib_apt32f102_coret.o), (67 bytes).
	Removing .debug_frame(Obj/FWlib_apt32f102_coret.o), (208 bytes).
	Removing .csky.attributes(Obj/FWlib_apt32f102_coret.o), (32 bytes).
	Removing .text(Obj/apt32f102_initial.o), (0 bytes).
	Removing .data(Obj/apt32f102_initial.o), (0 bytes).
	Removing .bss(Obj/apt32f102_initial.o), (0 bytes).
	Removing .text.delay_nus(Obj/apt32f102_initial.o), (34 bytes).
	Removing .text.GPIO_CONFIG(Obj/apt32f102_initial.o), (120 bytes).
	Removing .text.EPT0_CONFIG(Obj/apt32f102_initial.o), (292 bytes).
	Removing .text.GPT0_CONFIG(Obj/apt32f102_initial.o), (168 bytes).
	Removing .text.BT_CONFIG(Obj/apt32f102_initial.o), (104 bytes).
	Removing .text.COUNTA_CONFIG(Obj/apt32f102_initial.o), (64 bytes).
	Removing .text.RTC_CONFIG(Obj/apt32f102_initial.o), (184 bytes).
	Removing .text.ET_CONFIG(Obj/apt32f102_initial.o), (32 bytes).
	Removing .text.SIO_CONFIG(Obj/apt32f102_initial.o), (64 bytes).
	Removing .text.SPI_MASTER_CONFIG(Obj/apt32f102_initial.o), (56 bytes).
	Removing .text.SPI_SLAVE_CONFIG(Obj/apt32f102_initial.o), (50 bytes).
	Removing .text.I2C_MASTER_CONFIG(Obj/apt32f102_initial.o), (48 bytes).
	Removing .text.I2C_SLAVE_CONFIG(Obj/apt32f102_initial.o), (104 bytes).
	Removing .text.UART0_CONFIG(Obj/apt32f102_initial.o), (36 bytes).
	Removing .text.UART1_CONFIG(Obj/apt32f102_initial.o), (36 bytes).
	Removing .text.UART2_CONFIG(Obj/apt32f102_initial.o), (36 bytes).
	Removing .text.ADC12_CONFIG(Obj/apt32f102_initial.o), (74 bytes).
	Removing .text.TK_CONFIG(Obj/apt32f102_initial.o), (8 bytes).
	Removing .text(Obj/apt32f102_interrupt.o), (0 bytes).
	Removing .data(Obj/apt32f102_interrupt.o), (0 bytes).
	Removing .bss(Obj/apt32f102_interrupt.o), (0 bytes).
	Removing .text.SystemDesPtr(Obj/apt32f102_interrupt.o), (2 bytes).
	Removing .text(Obj/main.o), (0 bytes).
	Removing .data(Obj/main.o), (0 bytes).
	Removing .bss(Obj/main.o), (0 bytes).
	Removing .text(Obj/drivers_apt32f102.o), (0 bytes).
	Removing .bss(Obj/drivers_apt32f102.o), (0 bytes).
	Removing .text.__modsi3(Obj/drivers_apt32f102.o), (36 bytes).
	Removing .text.__umodsi3(Obj/drivers_apt32f102.o), (36 bytes).
	Removing .text(Obj/drivers_apt32f102_ck801.o), (0 bytes).
	Removing .data(Obj/drivers_apt32f102_ck801.o), (0 bytes).
	Removing .bss(Obj/drivers_apt32f102_ck801.o), (0 bytes).
	Removing .text.CK801_Init(Obj/drivers_apt32f102_ck801.o), (108 bytes).
	Removing .text.force_interrupt(Obj/drivers_apt32f102_ck801.o), (24 bytes).
	Removing .text.CK_CPU_DisAllNormalIrq(Obj/drivers_apt32f102_ck801.o), (6 bytes).
	Removing .text(Obj/__rt_entry.o), (240 bytes).
	Removing .data(Obj/__rt_entry.o), (0 bytes).
	Removing .bss(Obj/__rt_entry.o), (0 bytes).
	Removing .debug_line(Obj/__rt_entry.o), (131 bytes).
	Removing .debug_info(Obj/__rt_entry.o), (175 bytes).
	Removing .debug_abbrev(Obj/__rt_entry.o), (20 bytes).
	Removing .debug_aranges(Obj/__rt_entry.o), (32 bytes).
	Removing .csky.attributes(Obj/__rt_entry.o), (32 bytes).
	Removing .text(FWlib_apt32f102_tkey.o), (0 bytes).
	Removing .bss(FWlib_apt32f102_tkey.o), (0 bytes).
	Removing .text.TK_ConfigInterrupt_CMD.part.0(FWlib_apt32f102_tkey.o), (16 bytes).
	Removing .text.TK_DeInit(FWlib_apt32f102_tkey.o), (60 bytes).
	Removing .text.tk_clk_config(FWlib_apt32f102_tkey.o), (40 bytes).
	Removing .text.TK_con0_config(FWlib_apt32f102_tkey.o), (188 bytes).
	Removing .text.tk_scan_config(FWlib_apt32f102_tkey.o), (40 bytes).
	Removing .text.TK_ConfigInterrupt_CMD(FWlib_apt32f102_tkey.o), (32 bytes).
	Removing .text.TK_IO_Enable(FWlib_apt32f102_tkey.o), (308 bytes).
	Removing .text.lpt_init(FWlib_apt32f102_tkey.o), (76 bytes).
	Removing .text.TK_setup_sleep(FWlib_apt32f102_tkey.o), (92 bytes).
	Removing .text.TK_quit_sleep(FWlib_apt32f102_tkey.o), (40 bytes).
	Removing .text.TK_Baseline_prog(FWlib_apt32f102_tkey.o), (316 bytes).
	Removing .text.get_key_seq(FWlib_apt32f102_tkey.o), (52 bytes).
	Removing .text.CORET_CONFIG(FWlib_apt32f102_tkey.o), (56 bytes).
	Removing .text.tk_chxval_seqxcon_clr(FWlib_apt32f102_tkey.o), (28 bytes).
	Removing .text.tk_init(FWlib_apt32f102_tkey.o), (444 bytes).
	Removing .text(FWlib_apt32f102_clkcalib.o), (0 bytes).
	Removing .data(FWlib_apt32f102_clkcalib.o), (0 bytes).
	Removing .bss(FWlib_apt32f102_clkcalib.o), (0 bytes).
	Removing .data(pow.o), (0 bytes).
	Removing .bss(pow.o), (0 bytes).
	Removing .data(fabs.o), (0 bytes).
	Removing .bss(fabs.o), (0 bytes).
	Removing .data(scalbn.o), (0 bytes).
	Removing .bss(scalbn.o), (0 bytes).
	Removing .data(sqrt.o), (0 bytes).
	Removing .bss(sqrt.o), (0 bytes).
	Removing .text(_csky_case_uqi.o), (20 bytes).
	Removing .data(_csky_case_uqi.o), (0 bytes).
	Removing .bss(_csky_case_uqi.o), (0 bytes).
	Removing .csky.attributes(_csky_case_uqi.o), (32 bytes).
	Removing .data(_fixunsdfsi.o), (0 bytes).
	Removing .bss(_fixunsdfsi.o), (0 bytes).
	Removing .data(_addsub_df.o), (0 bytes).
	Removing .bss(_addsub_df.o), (0 bytes).
	Removing .data(_mul_df.o), (0 bytes).
	Removing .bss(_mul_df.o), (0 bytes).
	Removing .data(_div_df.o), (0 bytes).
	Removing .bss(_div_df.o), (0 bytes).
	Removing .data(_gt_df.o), (0 bytes).
	Removing .bss(_gt_df.o), (0 bytes).
	Removing .data(_ge_df.o), (0 bytes).
	Removing .bss(_ge_df.o), (0 bytes).
	Removing .data(_le_df.o), (0 bytes).
	Removing .bss(_le_df.o), (0 bytes).
	Removing .data(_si_to_df.o), (0 bytes).
	Removing .bss(_si_to_df.o), (0 bytes).
	Removing .data(_df_to_si.o), (0 bytes).
	Removing .bss(_df_to_si.o), (0 bytes).
	Removing .text(_thenan_df.o), (0 bytes).
	Removing .data(_thenan_df.o), (0 bytes).
	Removing .bss(_thenan_df.o), (0 bytes).
	Removing .data(_usi_to_df.o), (0 bytes).
	Removing .bss(_usi_to_df.o), (0 bytes).
	Removing .data(_muldi3.o), (0 bytes).
	Removing .bss(_muldi3.o), (0 bytes).
	Removing .data(_clzsi2.o), (0 bytes).
	Removing .bss(_clzsi2.o), (0 bytes).
	Removing .data(_pack_df.o), (0 bytes).
	Removing .bss(_pack_df.o), (0 bytes).
	Removing .data(_unpack_df.o), (0 bytes).
	Removing .bss(_unpack_df.o), (0 bytes).
	Removing .data(_fpcmp_parts_df.o), (0 bytes).
	Removing .bss(_fpcmp_parts_df.o), (0 bytes).
	Removing .text(_clz.o), (0 bytes).
	Removing .data(_clz.o), (0 bytes).
	Removing .bss(_clz.o), (0 bytes).
	Removing .data(memset_fast.o), (0 bytes).
	Removing .bss(memset_fast.o), (0 bytes).
	Removing .data(memcpy_fast.o), (0 bytes).
	Removing .bss(memcpy_fast.o), (0 bytes).

678 unused seciton(s) (total 267612 bytes) removed from the image.

======================================================================

Image Symbol Table 

	Local Symbols

	Symbol Name                        Value        Type   Size  Section
	FWlib_apt32f102_clkcalib.o         0x00000000     df        0  *ABS*
	FWlib_apt32f102_tkey.o             0x00000000     df        0  *ABS*
	Obj/FWlib_apt32f102_bt.o           0x00000000     df        0  *ABS*
	Obj/FWlib_apt32f102_lpt.o          0x00000000     df        0  *ABS*
	Obj/FWlib_apt32f102_syscon.o       0x00000000     df        0  *ABS*
	Obj/FWlib_apt32f102_wwdt.o         0x00000000     df        0  *ABS*
	Obj/apt32f102_initial.o            0x00000000     df        0  *ABS*
	Obj/apt32f102_interrupt.o          0x00000000     df        0  *ABS*
	Obj/arch_crt0.o                    0x00000000     df        0  *ABS*
	Obj/arch_mem_init.o                0x00000000     df        0  *ABS*
	Obj/drivers_apt32f102.o            0x00000000     df        0  *ABS*
	Obj/drivers_apt32f102_ck801.o      0x00000000     df        0  *ABS*
	Obj/main.o                         0x00000000     df        0  *ABS*
	_addsub_df.o                       0x00000000     df        0  *ABS*
	_clzsi2.o                          0x00000000     df        0  *ABS*
	_df_to_si.o                        0x00000000     df        0  *ABS*
	_div_df.o                          0x00000000     df        0  *ABS*
	_fixunsdfsi.o                      0x00000000     df        0  *ABS*
	_fpcmp_parts_df.o                  0x00000000     df        0  *ABS*
	_ge_df.o                           0x00000000     df        0  *ABS*
	_gt_df.o                           0x00000000     df        0  *ABS*
	_le_df.o                           0x00000000     df        0  *ABS*
	_mul_df.o                          0x00000000     df        0  *ABS*
	_muldi3.o                          0x00000000     df        0  *ABS*
	_pack_df.o                         0x00000000     df        0  *ABS*
	_si_to_df.o                        0x00000000     df        0  *ABS*
	_unpack_df.o                       0x00000000     df        0  *ABS*
	_usi_to_df.o                       0x00000000     df        0  *ABS*
	fabs.o                             0x00000000     df        0  *ABS*
	memcpy_fast.o                      0x00000000     df        0  *ABS*
	memset_fast.o                      0x00000000     df        0  *ABS*
	pow.o                              0x00000000     df        0  *ABS*
	scalbn.o                           0x00000000     df        0  *ABS*
	sqrt.o                             0x00000000     df        0  *ABS*
	$d                                 0x00000000               0  .text
	$t                                 0x0000010c               0  .text
	INIT_KERLE_STACK                   0x0000013e               0  .text
	__to_main                          0x00000146               0  .text
	__dummy                            0x00000182               0  .text
	$d                                 0x00000186               0  .text
	$d                                 0x000001b4               0  .text
	$t                                 0x000001b4               0  .text
	$d                                 0x00000578               0  .text
	$t                                 0x000005e0               0  .text
	$d                                 0x00000aa8               0  .text
	$t                                 0x00000b58               0  .text
	$d                                 0x00000b5e               0  .text
	$t                                 0x00000b5e               0  .text
	$d                                 0x00000b64               0  .text
	$t                                 0x00000b64               0  .text
	$d                                 0x00000b80               0  .text
	$d                                 0x00000b84               0  .text
	$t                                 0x00000b84               0  .text
	$d                                 0x00000cf0               0  .text
	$d                                 0x00000cfc               0  .text
	$t                                 0x00000cfc               0  .text
	$d                                 0x00000d30               0  .text
	_fpadd_parts                       0x00000d34      F      724  .text
	$d                                 0x00000d34               0  .text
	$t                                 0x00000d34               0  .text
	$d                                 0x00000ffc               0  .text
	$t                                 0x00001008               0  .text
	$d                                 0x00001070               0  .text
	$t                                 0x00001070               0  .text
	$d                                 0x00001298               0  .text
	$d                                 0x000012a4               0  .text
	$t                                 0x000012a4               0  .text
	$d                                 0x000013f4               0  .text
	$d                                 0x000013f8               0  .text
	$t                                 0x000013f8               0  .text
	$d                                 0x00001434               0  .text
	$t                                 0x00001434               0  .text
	$d                                 0x00001470               0  .text
	$t                                 0x00001470               0  .text
	$d                                 0x000014ac               0  .text
	$t                                 0x000014ac               0  .text
	$d                                 0x00001518               0  .text
	$d                                 0x0000151c               0  .text
	$t                                 0x0000151c               0  .text
	$d                                 0x00001588               0  .text
	$d                                 0x0000158c               0  .text
	$t                                 0x0000158c               0  .text
	$d                                 0x000015e0               0  .text
	$t                                 0x000015e0               0  .text
	$d                                 0x00001624               0  .text
	$t                                 0x00001624               0  .text
	$d                                 0x00001658               0  .text
	$d                                 0x00001664               0  .text
	$t                                 0x00001664               0  .text
	$d                                 0x000017ec               0  .text
	$d                                 0x00001800               0  .text
	$t                                 0x00001800               0  .text
	$d                                 0x000018b8               0  .text
	$d                                 0x000018c4               0  .text
	$t                                 0x000018c4               0  .text
	$d                                 0x00001950               0  .text
	$t                                 0x00001950               0  .text
	$d                                 0x000019d8               0  .text
	$t                                 0x000019d8               0  .text
	$d                                 0x00001a3c               0  .text.__main
	$t                                 0x00001a3c               0  .text.__main
	$d                                 0x00001a60               0  .text.__main
	SYSCON_General_CMD.part.0          0x00001a74      F      116  .text.SYSCON_General_CMD.part.0
	$d                                 0x00001a74               0  .text.SYSCON_General_CMD.part.0
	$t                                 0x00001a74               0  .text.SYSCON_General_CMD.part.0
	$d                                 0x00001ae0               0  .text.SYSCON_General_CMD.part.0
	$d                                 0x00001ae8               0  .text.SYSCON_RST_VALUE
	$t                                 0x00001ae8               0  .text.SYSCON_RST_VALUE
	$d                                 0x00001b24               0  .text.SYSCON_RST_VALUE
	$d                                 0x00001b40               0  .text.SYSCON_General_CMD
	$t                                 0x00001b40               0  .text.SYSCON_General_CMD
	$d                                 0x00001b6c               0  .text.SYSCON_General_CMD
	$d                                 0x00001b70               0  .text.SystemCLK_HCLKDIV_PCLKDIV_Config
	$t                                 0x00001b70               0  .text.SystemCLK_HCLKDIV_PCLKDIV_Config
	$d                                 0x00001be8               0  .text.SystemCLK_HCLKDIV_PCLKDIV_Config
	$d                                 0x00001bf8               0  .text.SYSCON_HFOSC_SELECTE
	$t                                 0x00001bf8               0  .text.SYSCON_HFOSC_SELECTE
	$d                                 0x00001c1c               0  .text.SYSCON_HFOSC_SELECTE
	$d                                 0x00001c20               0  .text.SYSCON_WDT_CMD
	$t                                 0x00001c20               0  .text.SYSCON_WDT_CMD
	$d                                 0x00001c50               0  .text.SYSCON_WDT_CMD
	$d                                 0x00001c5c               0  .text.SYSCON_IWDCNT_Reload
	$t                                 0x00001c5c               0  .text.SYSCON_IWDCNT_Reload
	$d                                 0x00001c6c               0  .text.SYSCON_IWDCNT_Reload
	$d                                 0x00001c70               0  .text.SYSCON_IWDCNT_Config
	$t                                 0x00001c70               0  .text.SYSCON_IWDCNT_Config
	$d                                 0x00001c80               0  .text.SYSCON_IWDCNT_Config
	$d                                 0x00001c88               0  .text.SYSCON_LVD_Config
	$t                                 0x00001c88               0  .text.SYSCON_LVD_Config
	$d                                 0x00001ca0               0  .text.SYSCON_LVD_Config
	$d                                 0x00001ca8               0  .text.LVD_Int_Enable
	$t                                 0x00001ca8               0  .text.LVD_Int_Enable
	$d                                 0x00001cc0               0  .text.LVD_Int_Enable
	$d                                 0x00001cc4               0  .text.IWDT_Int_Enable
	$t                                 0x00001cc4               0  .text.IWDT_Int_Enable
	$d                                 0x00001cdc               0  .text.IWDT_Int_Enable
	$d                                 0x00001ce0               0  .text.EXTI_trigger_CMD
	$t                                 0x00001ce0               0  .text.EXTI_trigger_CMD
	$d                                 0x00001d1c               0  .text.EXTI_trigger_CMD
	$d                                 0x00001d20               0  .text.SYSCON_Int_Enable
	$t                                 0x00001d20               0  .text.SYSCON_Int_Enable
	$d                                 0x00001d28               0  .text.SYSCON_Int_Enable
	$d                                 0x00001d2c               0  .text.LPT_Soft_Reset
	$t                                 0x00001d2c               0  .text.LPT_Soft_Reset
	$d                                 0x00001d3c               0  .text.LPT_Soft_Reset
	$d                                 0x00001d40               0  .text.WWDT_CONFIG
	$t                                 0x00001d40               0  .text.WWDT_CONFIG
	$d                                 0x00001d54               0  .text.WWDT_CONFIG
	$d                                 0x00001d58               0  .text.WWDT_CNT_Load
	$t                                 0x00001d58               0  .text.WWDT_CNT_Load
	$d                                 0x00001d64               0  .text.WWDT_CNT_Load
	$d                                 0x00001d68               0  .text.WWDT_Int_Config
	$t                                 0x00001d68               0  .text.WWDT_Int_Config
	$d                                 0x00001d90               0  .text.WWDT_Int_Config
	$d                                 0x00001d9c               0  .text.BT_Soft_Reset
	$t                                 0x00001d9c               0  .text.BT_Soft_Reset
	$d                                 0x00001da6               0  .text.BT_ConfigInterrupt_CMD
	$t                                 0x00001da6               0  .text.BT_ConfigInterrupt_CMD
	$d                                 0x00001db8               0  .text.delay_nms
	$t                                 0x00001db8               0  .text.delay_nms
	$d                                 0x00001de4               0  .text.SYSCON_CONFIG
	$t                                 0x00001de4               0  .text.SYSCON_CONFIG
	$d                                 0x00001e5c               0  .text.APT32F102_init
	$t                                 0x00001e5c               0  .text.APT32F102_init
	$d                                 0x00001e7c               0  .text.APT32F102_init
	$d                                 0x00001e84               0  .text.SYSCONIntHandler
	$t                                 0x00001e84               0  .text.SYSCONIntHandler
	$d                                 0x00001f78               0  .text.SYSCONIntHandler
	$d                                 0x00001f7c               0  .text.IFCIntHandler
	$t                                 0x00001f7c               0  .text.IFCIntHandler
	$d                                 0x00001fe0               0  .text.IFCIntHandler
	$d                                 0x00001fe4               0  .text.ADCIntHandler
	$t                                 0x00001fe4               0  .text.ADCIntHandler
	$d                                 0x00002048               0  .text.ADCIntHandler
	$d                                 0x0000204c               0  .text.EPT0IntHandler
	$t                                 0x0000204c               0  .text.EPT0IntHandler
	$d                                 0x000021e8               0  .text.EPT0IntHandler
	$d                                 0x000021f4               0  .text.WWDTHandler
	$t                                 0x000021f4               0  .text.WWDTHandler
	$d                                 0x00002224               0  .text.WWDTHandler
	$d                                 0x00002228               0  .text.GPT0IntHandler
	$t                                 0x00002228               0  .text.GPT0IntHandler
	$d                                 0x000022a4               0  .text.GPT0IntHandler
	$d                                 0x000022a8               0  .text.RTCIntHandler
	$t                                 0x000022a8               0  .text.RTCIntHandler
	$d                                 0x00002310               0  .text.RTCIntHandler
	$d                                 0x00002318               0  .text.UART0IntHandler
	$t                                 0x00002318               0  .text.UART0IntHandler
	$d                                 0x00002350               0  .text.UART0IntHandler
	$d                                 0x00002354               0  .text.UART1IntHandler
	$t                                 0x00002354               0  .text.UART1IntHandler
	$d                                 0x0000238c               0  .text.UART1IntHandler
	$d                                 0x00002390               0  .text.UART2IntHandler
	$t                                 0x00002390               0  .text.UART2IntHandler
	$d                                 0x000023c8               0  .text.UART2IntHandler
	$d                                 0x000023cc               0  .text.SPI0IntHandler
	$t                                 0x000023cc               0  .text.SPI0IntHandler
	$d                                 0x000024b0               0  .text.SPI0IntHandler
	$d                                 0x000024b4               0  .text.SIO0IntHandler
	$t                                 0x000024b4               0  .text.SIO0IntHandler
	$d                                 0x0000252c               0  .text.SIO0IntHandler
	$d                                 0x00002538               0  .text.EXI0IntHandler
	$t                                 0x00002538               0  .text.EXI0IntHandler
	$d                                 0x00002564               0  .text.EXI0IntHandler
	$d                                 0x00002568               0  .text.EXI1IntHandler
	$t                                 0x00002568               0  .text.EXI1IntHandler
	$d                                 0x00002594               0  .text.EXI1IntHandler
	$d                                 0x00002598               0  .text.EXI2to3IntHandler
	$t                                 0x00002598               0  .text.EXI2to3IntHandler
	$d                                 0x000025dc               0  .text.EXI2to3IntHandler
	$d                                 0x000025e0               0  .text.EXI4to9IntHandler
	$t                                 0x000025e0               0  .text.EXI4to9IntHandler
	$d                                 0x00002638               0  .text.EXI4to9IntHandler
	$d                                 0x0000263c               0  .text.EXI10to15IntHandler
	$t                                 0x0000263c               0  .text.EXI10to15IntHandler
	$d                                 0x00002698               0  .text.EXI10to15IntHandler
	$d                                 0x0000269c               0  .text.LPTIntHandler
	$t                                 0x0000269c               0  .text.LPTIntHandler
	$d                                 0x000026cc               0  .text.LPTIntHandler
	$d                                 0x000026d0               0  .text.BT0IntHandler
	$t                                 0x000026d0               0  .text.BT0IntHandler
	$d                                 0x00002708               0  .text.BT0IntHandler
	$d                                 0x0000270c               0  .text.BT1IntHandler
	$t                                 0x0000270c               0  .text.BT1IntHandler
	$d                                 0x0000274c               0  .text.BT1IntHandler
	$d                                 0x00002754               0  .text.PriviledgeVioHandler
	$t                                 0x00002754               0  .text.PriviledgeVioHandler
	$d                                 0x00002756               0  .text.PendTrapHandler
	$t                                 0x00002756               0  .text.PendTrapHandler
	$d                                 0x0000275e               0  .text.Trap3Handler
	$t                                 0x0000275e               0  .text.Trap3Handler
	$d                                 0x00002766               0  .text.Trap2Handler
	$t                                 0x00002766               0  .text.Trap2Handler
	$d                                 0x0000276e               0  .text.Trap1Handler
	$t                                 0x0000276e               0  .text.Trap1Handler
	$d                                 0x00002776               0  .text.Trap0Handler
	$t                                 0x00002776               0  .text.Trap0Handler
	$d                                 0x0000277e               0  .text.UnrecExecpHandler
	$t                                 0x0000277e               0  .text.UnrecExecpHandler
	$d                                 0x00002786               0  .text.BreakPointHandler
	$t                                 0x00002786               0  .text.BreakPointHandler
	$d                                 0x0000278e               0  .text.AccessErrHandler
	$t                                 0x0000278e               0  .text.AccessErrHandler
	$d                                 0x00002796               0  .text.IllegalInstrHandler
	$t                                 0x00002796               0  .text.IllegalInstrHandler
	$d                                 0x0000279e               0  .text.MisalignedHandler
	$t                                 0x0000279e               0  .text.MisalignedHandler
	$d                                 0x000027a6               0  .text.CNTAIntHandler
	$t                                 0x000027a6               0  .text.CNTAIntHandler
	$d                                 0x000027ae               0  .text.I2CIntHandler
	$t                                 0x000027ae               0  .text.I2CIntHandler
	$d                                 0x000027b6               0  .text.startup.main
	$t                                 0x000027b6               0  .text.startup.main
	$d                                 0x000027c8               0  .text.__divsi3
	$t                                 0x000027c8               0  .text.__divsi3
	$d                                 0x000027e8               0  .text.__divsi3
	$d                                 0x000027ec               0  .text.__udivsi3
	$t                                 0x000027ec               0  .text.__udivsi3
	$d                                 0x0000280c               0  .text.__udivsi3
	$d                                 0x00002810               0  .text.CK_CPU_EnAllNormalIrq
	$t                                 0x00002810               0  .text.CK_CPU_EnAllNormalIrq
	$d                                 0x00002818               0  .text.TK_Sampling_prog
	$t                                 0x00002818               0  .text.TK_Sampling_prog
	$d                                 0x000028c0               0  .text.TK_Sampling_prog
	$d                                 0x000028e4               0  .text.TKEYIntHandler
	$t                                 0x000028e4               0  .text.TKEYIntHandler
	$d                                 0x00002974               0  .text.TKEYIntHandler
	$d                                 0x00002984               0  .text.get_key_number
	$t                                 0x00002984               0  .text.get_key_number
	$d                                 0x000029a8               0  .text.get_key_number
	$d                                 0x000029ac               0  .text.TK_Scan_Start
	$t                                 0x000029ac               0  .text.TK_Scan_Start
	$d                                 0x000029f4               0  .text.TK_Scan_Start
	$d                                 0x00002a04               0  .text.TK_Keymap_prog
	$t                                 0x00002a04               0  .text.TK_Keymap_prog
	$d                                 0x00002d44               0  .text.TK_Keymap_prog
	$t                                 0x00002dc4               0  .text.TK_Keymap_prog
	$d                                 0x00002de8               0  .text.TK_Keymap_prog
	$d                                 0x00002dec               0  .text.TK_overflow_predict
	$t                                 0x00002dec               0  .text.TK_overflow_predict
	$d                                 0x00002ecc               0  .text.TK_overflow_predict
	$d                                 0x00002f00               0  .text.TK_Baseline_tracking
	$t                                 0x00002f00               0  .text.TK_Baseline_tracking
	$d                                 0x0000325c               0  .text.TK_Baseline_tracking
	$t                                 0x000032ac               0  .text.TK_Baseline_tracking
	$d                                 0x000033f4               0  .text.TK_Baseline_tracking
	$d                                 0x00003404               0  .text.TK_result_prog
	$t                                 0x00003404               0  .text.TK_result_prog
	$d                                 0x000034e4               0  .text.TK_result_prog
	$d                                 0x00003500               0  .text.CORETHandler
	$t                                 0x00003500               0  .text.CORETHandler
	$d                                 0x00003560               0  .text.CORETHandler
	$d                                 0x00003578               0  .text.std_clk_calib
	$t                                 0x00003578               0  .text.std_clk_calib
	$d                                 0x000037c0               0  .text.std_clk_calib
	bp                                 0x000037fc      O       16  .rodata
	dp_l                               0x0000380c      O       16  .rodata
	dp_h                               0x0000381c      O       16  .rodata

	Global Symbols

	Symbol Name                        Value        Type   Size  Section
	vector_table                       0x00000000               0  .text
	__start                            0x0000010c               0  .text
	__exit                             0x00000160               0  .text
	__fail                             0x00000176               0  .text
	DummyHandler                       0x00000184               0  .text
	__GI_pow                           0x000001b4      F     2474  .text
	pow                                0x000001b4      F     2474  .text
	__GI_fabs                          0x00000b5e      F        6  .text
	fabs                               0x00000b5e      F        6  .text
	__GI_scalbn                        0x00000b64      F       32  .text
	scalbn                             0x00000b64      F       32  .text
	__GI_sqrt                          0x00000b84      F      376  .text
	sqrt                               0x00000b84      F      376  .text
	__fixunsdfsi                       0x00000cfc      F       56  .text
	__adddf3                           0x00001008      F       46  .text
	__subdf3                           0x00001038      F       54  .text
	__muldf3                           0x00001070      F      564  .text
	__divdf3                           0x000012a4      F      340  .text
	__gtdf2                            0x000013f8      F       60  .text
	__gedf2                            0x00001434      F       60  .text
	__ledf2                            0x00001470      F       58  .text
	__floatsidf                        0x000014ac      F      112  .text
	__fixdfsi                          0x0000151c      F      112  .text
	__floatunsidf                      0x0000158c      F       84  .text
	__muldi3                           0x000015e0      F       68  .text
	__clzsi2                           0x00001624      F       64  .text
	__pack_d                           0x00001664      F      412  .text
	__unpack_d                         0x00001800      F      196  .text
	__fpcmp_parts_d                    0x000018c4      F      140  .text
	__memset_fast                      0x00001950    w F      136  .text
	memset                             0x00001950    w F      136  .text
	__memcpy_fast                      0x000019d8    w F      100  .text
	memcpy                             0x000019d8    w F      100  .text
	__main                             0x00001a3c      F       56  .text.__main
	SYSCON_RST_VALUE                   0x00001ae8      F       88  .text.SYSCON_RST_VALUE
	SYSCON_General_CMD                 0x00001b40      F       48  .text.SYSCON_General_CMD
	SystemCLK_HCLKDIV_PCLKDIV_Config   0x00001b70      F      136  .text.SystemCLK_HCLKDIV_PCLKDIV_Config
	SYSCON_HFOSC_SELECTE               0x00001bf8      F       40  .text.SYSCON_HFOSC_SELECTE
	SYSCON_WDT_CMD                     0x00001c20      F       60  .text.SYSCON_WDT_CMD
	SYSCON_IWDCNT_Reload               0x00001c5c      F       20  .text.SYSCON_IWDCNT_Reload
	SYSCON_IWDCNT_Config               0x00001c70      F       24  .text.SYSCON_IWDCNT_Config
	SYSCON_LVD_Config                  0x00001c88      F       32  .text.SYSCON_LVD_Config
	LVD_Int_Enable                     0x00001ca8      F       28  .text.LVD_Int_Enable
	IWDT_Int_Enable                    0x00001cc4      F       28  .text.IWDT_Int_Enable
	EXTI_trigger_CMD                   0x00001ce0      F       64  .text.EXTI_trigger_CMD
	SYSCON_Int_Enable                  0x00001d20      F       12  .text.SYSCON_Int_Enable
	LPT_Soft_Reset                     0x00001d2c      F       20  .text.LPT_Soft_Reset
	WWDT_CONFIG                        0x00001d40      F       24  .text.WWDT_CONFIG
	WWDT_CNT_Load                      0x00001d58      F       16  .text.WWDT_CNT_Load
	WWDT_Int_Config                    0x00001d68      F       52  .text.WWDT_Int_Config
	BT_Soft_Reset                      0x00001d9c      F       10  .text.BT_Soft_Reset
	BT_ConfigInterrupt_CMD             0x00001da6      F       18  .text.BT_ConfigInterrupt_CMD
	delay_nms                          0x00001db8      F       44  .text.delay_nms
	SYSCON_CONFIG                      0x00001de4      F      120  .text.SYSCON_CONFIG
	APT32F102_init                     0x00001e5c      F       40  .text.APT32F102_init
	SYSCONIntHandler                   0x00001e84      F      248  .text.SYSCONIntHandler
	IFCIntHandler                      0x00001f7c      F      104  .text.IFCIntHandler
	ADCIntHandler                      0x00001fe4      F      104  .text.ADCIntHandler
	EPT0IntHandler                     0x0000204c      F      424  .text.EPT0IntHandler
	WWDTHandler                        0x000021f4      F       52  .text.WWDTHandler
	GPT0IntHandler                     0x00002228      F      128  .text.GPT0IntHandler
	RTCIntHandler                      0x000022a8      F      112  .text.RTCIntHandler
	UART0IntHandler                    0x00002318      F       60  .text.UART0IntHandler
	UART1IntHandler                    0x00002354      F       60  .text.UART1IntHandler
	UART2IntHandler                    0x00002390      F       60  .text.UART2IntHandler
	SPI0IntHandler                     0x000023cc      F      232  .text.SPI0IntHandler
	SIO0IntHandler                     0x000024b4      F      132  .text.SIO0IntHandler
	EXI0IntHandler                     0x00002538      F       48  .text.EXI0IntHandler
	EXI1IntHandler                     0x00002568      F       48  .text.EXI1IntHandler
	EXI2to3IntHandler                  0x00002598      F       72  .text.EXI2to3IntHandler
	EXI4to9IntHandler                  0x000025e0      F       92  .text.EXI4to9IntHandler
	EXI10to15IntHandler                0x0000263c      F       96  .text.EXI10to15IntHandler
	LPTIntHandler                      0x0000269c      F       52  .text.LPTIntHandler
	BT0IntHandler                      0x000026d0      F       60  .text.BT0IntHandler
	BT1IntHandler                      0x0000270c      F       72  .text.BT1IntHandler
	PriviledgeVioHandler               0x00002754      F        2  .text.PriviledgeVioHandler
	PendTrapHandler                    0x00002756      F        8  .text.PendTrapHandler
	Trap3Handler                       0x0000275e      F        8  .text.Trap3Handler
	Trap2Handler                       0x00002766      F        8  .text.Trap2Handler
	Trap1Handler                       0x0000276e      F        8  .text.Trap1Handler
	Trap0Handler                       0x00002776      F        8  .text.Trap0Handler
	UnrecExecpHandler                  0x0000277e      F        8  .text.UnrecExecpHandler
	BreakPointHandler                  0x00002786      F        8  .text.BreakPointHandler
	AccessErrHandler                   0x0000278e      F        8  .text.AccessErrHandler
	IllegalInstrHandler                0x00002796      F        8  .text.IllegalInstrHandler
	MisalignedHandler                  0x0000279e      F        8  .text.MisalignedHandler
	CNTAIntHandler                     0x000027a6      F        8  .text.CNTAIntHandler
	I2CIntHandler                      0x000027ae      F        8  .text.I2CIntHandler
	main                               0x000027b6      F       16  .text.startup.main
	__divsi3                           0x000027c8      F       36  .text.__divsi3
	__udivsi3                          0x000027ec      F       36  .text.__udivsi3
	CK_CPU_EnAllNormalIrq              0x00002810      F        6  .text.CK_CPU_EnAllNormalIrq
	TK_Sampling_prog                   0x00002818      F      204  .text.TK_Sampling_prog
	TKEYIntHandler                     0x000028e4      F      160  .text.TKEYIntHandler
	get_key_number                     0x00002984      F       40  .text.get_key_number
	TK_Scan_Start                      0x000029ac      F       88  .text.TK_Scan_Start
	TK_Keymap_prog                     0x00002a04      F     1000  .text.TK_Keymap_prog
	TK_overflow_predict                0x00002dec      F      276  .text.TK_overflow_predict
	TK_Baseline_tracking               0x00002f00      F     1284  .text.TK_Baseline_tracking
	TK_result_prog                     0x00003404      F      252  .text.TK_result_prog
	CORETHandler                       0x00003500      F      120  .text.CORETHandler
	std_clk_calib                      0x00003578      F      644  .text.std_clk_calib
	__thenan_df                        0x0000382c      O       20  .rodata
	__clz_tab                          0x00003840      O      256  .rodata
	_end_rodata                        0x00003940               0  .rodata
	HWD                                0x20000000      O        4  .data
	_start_data                        0x20000000               0  .data
	CRC                                0x20000004      O        4  .data
	BT1                                0x20000008      O        4  .data
	BT0                                0x2000000c      O        4  .data
	WWDT                               0x20000010      O        4  .data
	LPT                                0x20000014      O        4  .data
	RTC                                0x20000018      O        4  .data
	ETCB                               0x2000001c      O        4  .data
	EPT0                               0x20000020      O        4  .data
	GPT0                               0x20000024      O        4  .data
	CA0                                0x20000028      O        4  .data
	SIO0                               0x2000002c      O        4  .data
	I2C0                               0x20000030      O        4  .data
	SPI0                               0x20000034      O        4  .data
	UART2                              0x20000038      O        4  .data
	UART1                              0x2000003c      O        4  .data
	UART0                              0x20000040      O        4  .data
	GPIOGRP                            0x20000044      O        4  .data
	GPIOB0                             0x20000048      O        4  .data
	GPIOA0                             0x2000004c      O        4  .data
	ADC0                               0x20000050      O        4  .data
	TKEYBUF                            0x20000054      O        4  .data
	TKEY                               0x20000058      O        4  .data
	SYSCON                             0x2000005c      O        4  .data
	IFC                                0x20000060      O        4  .data
	CK801                              0x20000064      O        4  .data
	s_tkey                             0x20000068      O        4  .data
	samp_setover_f                     0x2000006c      O        1  .data
	TK_Scan_Freq2                      0x20000070      O        4  .data
	TK_Scan_Freq1                      0x20000074      O        4  .data
	TK_Scan_Freq0                      0x20000078      O        4  .data
	scan_step_temp                     0x2000007c      O        1  .data
	tk_div                             0x2000007e      O       34  .data
	_end_data                          0x200000a0               0  .data
	Press_debounce_data                0x200000a0      O        1  .bss
	_bss_start                         0x200000a0               0  .bss
	TK_Lowpower_mode                   0x200000a1      O        1  .bss
	TK_Lowpower_level                  0x200000a2      O        1  .bss
	TK_longpress_time                  0x200000a4      O        4  .bss
	Release_debounce_data              0x200000a8      O        1  .bss
	Key_mode                           0x200000a9      O        1  .bss
	TK_icon                            0x200000aa      O       34  .bss
	MultiTimes_Filter                  0x200000cc      O        1  .bss
	Base_Speed                         0x200000cd      O        1  .bss
	TK_IO_ENABLE                       0x200000d0      O        4  .bss
	Valid_Key_Num                      0x200000d4      O        1  .bss
	TK_senprd                          0x200000d6      O       34  .bss
	TK_Wakeup_level                    0x200000f8      O        1  .bss
	TK_Triggerlevel                    0x200000fa      O       34  .bss
	TK_EC_LEVEL                        0x2000011c      O        2  .bss
	TK_FVR_LEVEL                       0x2000011e      O        2  .bss
	TK_BaseCnt                         0x20000120      O        4  .bss
	TK_PSEL_MODE                       0x20000124      O        2  .bss
	R_CMPB_BUF                         0x20000128      O        4  .bss
	R_SIOTX_count                      0x2000012c      O        4  .bss
	R_CMPA_BUF                         0x20000130      O        4  .bss
	R_SIORX_count                      0x20000134      O        4  .bss
	R_SIORX_buf                        0x20000138      O       40  .bss
	baseline_data0                     0x20000160      O       34  .bss
	TK_Postive_build2                  0x20000182      O       17  .bss
	Key_Map1                           0x20000194      O        4  .bss
	offset_data2_abs                   0x20000198      O       34  .bss
	scan_f                             0x200001ba      O        1  .bss
	offset_data1_abs                   0x200001bc      O       34  .bss
	Release_debounce0                  0x200001de      O       17  .bss
	Key_Map0                           0x200001f0      O        4  .bss
	bsae_over_f                        0x200001f4      O        1  .bss
	scan_cnt                           0x200001f6      O        2  .bss
	Press_debounce0                    0x200001f8      O       17  .bss
	offset_data0                       0x2000020a      O       34  .bss
	sampling_data1                     0x2000022c      O       34  .bss
	Key_Map2                           0x20000250      O        4  .bss
	Release_debounce1                  0x20000254      O       17  .bss
	tk_overflow_f                      0x20000265      O        1  .bss
	TK_Negtive_build2                  0x20000266      O       17  .bss
	base_update_f                      0x20000277      O        1  .bss
	TK_Postive_build1                  0x20000278      O       17  .bss
	time_cnt                           0x2000028c      O        4  .bss
	lpt_scan_pend_cnt                  0x20000290      O        2  .bss
	TK_track_cnt                       0x20000292      O        1  .bss
	Key_Map                            0x20000294      O        4  .bss
	baseline_data1                     0x20000298      O       34  .bss
	TK_Postive_build0                  0x200002ba      O       17  .bss
	sampling_data2                     0x200002cc      O       34  .bss
	offset_data1                       0x200002ee      O       34  .bss
	TK_ovrdect_cnt                     0x20000310      O        1  .bss
	Press_debounce2                    0x20000311      O       17  .bss
	TK_Negtive_build1                  0x20000322      O       17  .bss
	tk_num                             0x20000333      O        1  .bss
	TK_Negtive_build0                  0x20000334      O       17  .bss
	Press_debounce1                    0x20000345      O       17  .bss
	Release_debounce2                  0x20000356      O       17  .bss
	r_Key_Map_Temp                     0x20000368      O        4  .bss
	tk_seque                           0x2000036c      O       17  .bss
	scan_step                          0x2000037d      O        1  .bss
	baseline_data2                     0x2000037e      O       34  .bss
	tk_sampling_max                    0x200003a0      O       34  .bss
	offset_data0_abs                   0x200003c2      O       34  .bss
	offset_data2                       0x200003e4      O       34  .bss
	sampling_data0                     0x20000406      O       34  .bss
	_ebss                              0x20000428               0  .bss
	_end                               0x20000428               0  .bss
	end                                0x20000428               0  .bss
	__kernel_stack                     0x20000ff8               0  .text

	(w:Weak    d:Deubg    F:Function    f:File name    O:Zero)


======================================================================

Memory Map of the image

    Image Entry point : 0x0000010c

    Region ROM (Base: 0x00000000, Size: 0x00003940, Max: 0x00010000)

    Base Addr    Size         Type   Attr      Idx   Section Name       Object
    0x00000000   0x000001b4   Code   RO         16  .text          	Obj/arch_crt0.o
    0x000001b4   0x000009aa   Code   RO        918  .text          	pow.o
    0x00000b5e   0x00000006   Code   RO        926  .text          	fabs.o
    0x00000b64   0x00000020   Code   RO        932  .text          	scalbn.o
    0x00000b84   0x00000178   Code   RO        939  .text          	sqrt.o
    0x00000cfc   0x00000038   Code   RO        955  .text          	_fixunsdfsi.o
    0x00000d34   0x0000033a   Code   RO        962  .text          	_addsub_df.o
    0x0000106e   0x00000002   PAD
    0x00001070   0x00000234   Code   RO        969  .text          	_mul_df.o
    0x000012a4   0x00000154   Code   RO        976  .text          	_div_df.o
    0x000013f8   0x0000003c   Code   RO        983  .text          	_gt_df.o
    0x00001434   0x0000003c   Code   RO        990  .text          	_ge_df.o
    0x00001470   0x0000003a   Code   RO        997  .text          	_le_df.o
    0x000014aa   0x00000002   PAD
    0x000014ac   0x00000070   Code   RO       1004  .text          	_si_to_df.o
    0x0000151c   0x00000070   Code   RO       1011  .text          	_df_to_si.o
    0x0000158c   0x00000054   Code   RO       1025  .text          	_usi_to_df.o
    0x000015e0   0x00000044   Code   RO       1032  .text          	_muldi3.o
    0x00001624   0x00000040   Code   RO       1039  .text          	_clzsi2.o
    0x00001664   0x0000019c   Code   RO       1045  .text          	_pack_df.o
    0x00001800   0x000000c4   Code   RO       1052  .text          	_unpack_df.o
    0x000018c4   0x0000008c   Code   RO       1059  .text          	_fpcmp_parts_df.o
    0x00001950   0x00000088   Code   RO       1080  .text          	memset_fast.o
    0x000019d8   0x00000064   Code   RO       1085  .text          	memcpy_fast.o
    0x00001a3c   0x00000038   Code   RO         28  .text.__main   	Obj/arch_mem_init.o
    0x00001a74   0x00000074   Code   RO         61  .text.SYSCON_General_CMD.part.0	Obj/FWlib_apt32f102_syscon.o
    0x00001ae8   0x00000058   Code   RO         62  .text.SYSCON_RST_VALUE	Obj/FWlib_apt32f102_syscon.o
    0x00001b40   0x00000030   Code   RO         64  .text.SYSCON_General_CMD	Obj/FWlib_apt32f102_syscon.o
    0x00001b70   0x00000088   Code   RO         65  .text.SystemCLK_HCLKDIV_PCLKDIV_Config	Obj/FWlib_apt32f102_syscon.o
    0x00001bf8   0x00000028   Code   RO         68  .text.SYSCON_HFOSC_SELECTE	Obj/FWlib_apt32f102_syscon.o
    0x00001c20   0x0000003c   Code   RO         69  .text.SYSCON_WDT_CMD	Obj/FWlib_apt32f102_syscon.o
    0x00001c5c   0x00000014   Code   RO         70  .text.SYSCON_IWDCNT_Reload	Obj/FWlib_apt32f102_syscon.o
    0x00001c70   0x00000018   Code   RO         71  .text.SYSCON_IWDCNT_Config	Obj/FWlib_apt32f102_syscon.o
    0x00001c88   0x00000020   Code   RO         72  .text.SYSCON_LVD_Config	Obj/FWlib_apt32f102_syscon.o
    0x00001ca8   0x0000001c   Code   RO         73  .text.LVD_Int_Enable	Obj/FWlib_apt32f102_syscon.o
    0x00001cc4   0x0000001c   Code   RO         75  .text.IWDT_Int_Enable	Obj/FWlib_apt32f102_syscon.o
    0x00001ce0   0x00000040   Code   RO         78  .text.EXTI_trigger_CMD	Obj/FWlib_apt32f102_syscon.o
    0x00001d20   0x0000000c   Code   RO        103  .text.SYSCON_Int_Enable	Obj/FWlib_apt32f102_syscon.o
    0x00001d2c   0x00000014   Code   RO        185  .text.LPT_Soft_Reset	Obj/FWlib_apt32f102_lpt.o
    0x00001d40   0x00000018   Code   RO        232  .text.WWDT_CONFIG	Obj/FWlib_apt32f102_wwdt.o
    0x00001d58   0x00000010   Code   RO        234  .text.WWDT_CNT_Load	Obj/FWlib_apt32f102_wwdt.o
    0x00001d68   0x00000034   Code   RO        235  .text.WWDT_Int_Config	Obj/FWlib_apt32f102_wwdt.o
    0x00001d9c   0x0000000a   Code   RO        309  .text.BT_Soft_Reset	Obj/FWlib_apt32f102_bt.o
    0x00001da6   0x00000012   Code   RO        319  .text.BT_ConfigInterrupt_CMD	Obj/FWlib_apt32f102_bt.o
    0x00001db8   0x0000002c   Code   RO        705  .text.delay_nms	Obj/apt32f102_initial.o
    0x00001de4   0x00000078   Code   RO        724  .text.SYSCON_CONFIG	Obj/apt32f102_initial.o
    0x00001e5c   0x00000028   Code   RO        725  .text.APT32F102_init	Obj/apt32f102_initial.o
    0x00001e84   0x000000f8   Code   RO        741  .text.SYSCONIntHandler	Obj/apt32f102_interrupt.o
    0x00001f7c   0x00000068   Code   RO        742  .text.IFCIntHandler	Obj/apt32f102_interrupt.o
    0x00001fe4   0x00000068   Code   RO        743  .text.ADCIntHandler	Obj/apt32f102_interrupt.o
    0x0000204c   0x000001a8   Code   RO        744  .text.EPT0IntHandler	Obj/apt32f102_interrupt.o
    0x000021f4   0x00000034   Code   RO        745  .text.WWDTHandler	Obj/apt32f102_interrupt.o
    0x00002228   0x00000080   Code   RO        746  .text.GPT0IntHandler	Obj/apt32f102_interrupt.o
    0x000022a8   0x00000070   Code   RO        747  .text.RTCIntHandler	Obj/apt32f102_interrupt.o
    0x00002318   0x0000003c   Code   RO        748  .text.UART0IntHandler	Obj/apt32f102_interrupt.o
    0x00002354   0x0000003c   Code   RO        749  .text.UART1IntHandler	Obj/apt32f102_interrupt.o
    0x00002390   0x0000003c   Code   RO        750  .text.UART2IntHandler	Obj/apt32f102_interrupt.o
    0x000023cc   0x000000e8   Code   RO        751  .text.SPI0IntHandler	Obj/apt32f102_interrupt.o
    0x000024b4   0x00000084   Code   RO        752  .text.SIO0IntHandler	Obj/apt32f102_interrupt.o
    0x00002538   0x00000030   Code   RO        753  .text.EXI0IntHandler	Obj/apt32f102_interrupt.o
    0x00002568   0x00000030   Code   RO        754  .text.EXI1IntHandler	Obj/apt32f102_interrupt.o
    0x00002598   0x00000048   Code   RO        755  .text.EXI2to3IntHandler	Obj/apt32f102_interrupt.o
    0x000025e0   0x0000005c   Code   RO        756  .text.EXI4to9IntHandler	Obj/apt32f102_interrupt.o
    0x0000263c   0x00000060   Code   RO        757  .text.EXI10to15IntHandler	Obj/apt32f102_interrupt.o
    0x0000269c   0x00000034   Code   RO        758  .text.LPTIntHandler	Obj/apt32f102_interrupt.o
    0x000026d0   0x0000003c   Code   RO        759  .text.BT0IntHandler	Obj/apt32f102_interrupt.o
    0x0000270c   0x00000048   Code   RO        760  .text.BT1IntHandler	Obj/apt32f102_interrupt.o
    0x00002754   0x00000002   Code   RO        761  .text.PriviledgeVioHandler	Obj/apt32f102_interrupt.o
    0x00002756   0x00000008   Code   RO        763  .text.PendTrapHandler	Obj/apt32f102_interrupt.o
    0x0000275e   0x00000008   Code   RO        764  .text.Trap3Handler	Obj/apt32f102_interrupt.o
    0x00002766   0x00000008   Code   RO        765  .text.Trap2Handler	Obj/apt32f102_interrupt.o
    0x0000276e   0x00000008   Code   RO        766  .text.Trap1Handler	Obj/apt32f102_interrupt.o
    0x00002776   0x00000008   Code   RO        767  .text.Trap0Handler	Obj/apt32f102_interrupt.o
    0x0000277e   0x00000008   Code   RO        768  .text.UnrecExecpHandler	Obj/apt32f102_interrupt.o
    0x00002786   0x00000008   Code   RO        769  .text.BreakPointHandler	Obj/apt32f102_interrupt.o
    0x0000278e   0x00000008   Code   RO        770  .text.AccessErrHandler	Obj/apt32f102_interrupt.o
    0x00002796   0x00000008   Code   RO        771  .text.IllegalInstrHandler	Obj/apt32f102_interrupt.o
    0x0000279e   0x00000008   Code   RO        772  .text.MisalignedHandler	Obj/apt32f102_interrupt.o
    0x000027a6   0x00000008   Code   RO        773  .text.CNTAIntHandler	Obj/apt32f102_interrupt.o
    0x000027ae   0x00000008   Code   RO        774  .text.I2CIntHandler	Obj/apt32f102_interrupt.o
    0x000027b6   0x00000010   Code   RO        790  .text.startup.main	Obj/main.o
    0x000027c8   0x00000024   Code   RO        805  .text.__divsi3 	Obj/drivers_apt32f102.o
    0x000027ec   0x00000024   Code   RO        806  .text.__udivsi3	Obj/drivers_apt32f102.o
    0x00002810   0x00000006   Code   RO        826  .text.CK_CPU_EnAllNormalIrq	Obj/drivers_apt32f102_ck801.o
    0x00002818   0x000000cc   Code   RO        865  .text.TK_Sampling_prog	FWlib_apt32f102_tkey.o
    0x000028e4   0x000000a0   Code   RO        869  .text.TKEYIntHandler	FWlib_apt32f102_tkey.o
    0x00002984   0x00000028   Code   RO        870  .text.get_key_number	FWlib_apt32f102_tkey.o
    0x000029ac   0x00000058   Code   RO        872  .text.TK_Scan_Start	FWlib_apt32f102_tkey.o
    0x00002a04   0x000003e8   Code   RO        873  .text.TK_Keymap_prog	FWlib_apt32f102_tkey.o
    0x00002dec   0x00000114   Code   RO        874  .text.TK_overflow_predict	FWlib_apt32f102_tkey.o
    0x00002f00   0x00000504   Code   RO        875  .text.TK_Baseline_tracking	FWlib_apt32f102_tkey.o
    0x00003404   0x000000fc   Code   RO        876  .text.TK_result_prog	FWlib_apt32f102_tkey.o
    0x00003500   0x00000078   Code   RO        877  .text.CORETHandler	FWlib_apt32f102_tkey.o
    0x00003578   0x00000284   Code   RO        898  .text.std_clk_calib	FWlib_apt32f102_clkcalib.o
    0x000037fc   0x00000030   Data   RO        921  .rodata        	pow.o
    0x0000382c   0x00000014   Data   RO       1021  .rodata        	_thenan_df.o
    0x00003840   0x00000100   Data   RO       1069  .rodata        	_clz.o

    Region RAM (Base: 0x20000000, Size: 0x00000428, Max: 0x00001000)

    Base Addr    Size         Type   Attr      Idx   Section Name       Object
    0x20000000   0x00000068   Data   RW        803  .data          	Obj/drivers_apt32f102.o
    0x20000068   0x00000038   Data   RW        856  .data          	FWlib_apt32f102_tkey.o
    0x200000a0   0x00000086   Zero   RW        676  COMMON         	Obj/FWlib_apt32f102_tkey_parameter.o
    0x20000126   0x00000002   PAD
    0x20000128   0x00000038   Zero   RW        786  COMMON         	Obj/apt32f102_interrupt.o
    0x20000160   0x000002c8   Zero   RW        894  COMMON         	FWlib_apt32f102_tkey.o

    Region *default* (Base: 0x00000000, Size: 0x00000000, Max: 0xffffffff)


======================================================================

Image component sizes

       Code    RO Data    RW Data    ZI Data      Debug   Object Name

          0          0          0          0          0   linker stubs
        436          0          0          0        336   Obj/arch_crt0.o
         56          0          0          0        872   Obj/arch_mem_init.o
          0          0          0          0          0   Obj/arch_apt32f102_iostring.o
        696          0          0          0      21154   Obj/FWlib_apt32f102_syscon.o
          0          0          0          0          0   Obj/FWlib_apt32f102_gpio.o
         20          0          0          0      13549   Obj/FWlib_apt32f102_lpt.o
          0          0          0          0          0   Obj/FWlib_apt32f102_crc.o
         92          0          0          0       8327   Obj/FWlib_apt32f102_wwdt.o
          0          0          0          0          0   Obj/FWlib_apt32f102_countera.o
          0          0          0          0          0   Obj/FWlib_apt32f102_et.o
         28          0          0          0      11840   Obj/FWlib_apt32f102_bt.o
          0          0          0          0          0   Obj/FWlib_apt32f102_gpt.o
          0          0          0          0          0   Obj/FWlib_apt32f102_sio.o
          0          0          0          0          0   Obj/FWlib_apt32f102_spi.o
          0          0          0          0          0   Obj/FWlib_apt32f102_uart.o
          0          0          0          0          0   Obj/FWlib_apt32f102_i2c.o
          0          0          0          0          0   Obj/FWlib_apt32f102_ept.o
          0          0          0          0          0   Obj/FWlib_apt32f102_rtc.o
          0          0          0          0          0   Obj/FWlib_apt32f102_adc.o
          0          0          0          0          0   Obj/FWlib_apt32f102_ifc.o
          0          0          0        134       8711   Obj/FWlib_apt32f102_tkey_parameter.o
          0          0          0          0          0   Obj/FWlib_apt32f102_coret.o
        204          0          0          0      24015   Obj/apt32f102_initial.o
       2354          0          0         56      12805   Obj/apt32f102_interrupt.o
         16          0          0          0       8635   Obj/main.o
         72          0        104          0       8379   Obj/drivers_apt32f102.o
          6          0          0          0       8319   Obj/drivers_apt32f102_ck801.o
          0          0          0          0          0   Obj/__rt_entry.o
	------------------------------------------------------------
       3980          0        104        190     126942   Object Totals
          4          0          0          2          0   Pad
          0          0          0          0          0   LD_GEN

	------------------------------------------------------------
    [Library Name]: .\lib_102TKey_1_15.a
	------------------------------------------------------------
       Code    RO Data    RW Data    ZI Data      Debug   Library Member Name

       3424          0         56        712      16440   FWlib_apt32f102_tkey.o
	------------------------------------------------------------
       3424          0         56        712      16440   Library Totals
          0          0          0          0          0   Pad
          0          0          0          0          0   LD_GEN

	------------------------------------------------------------
    [Library Name]: .\lib_102ClkCalib_1_03.a
	------------------------------------------------------------
       Code    RO Data    RW Data    ZI Data      Debug   Library Member Name

        644          0          0          0       8675   FWlib_apt32f102_clkcalib.o
	------------------------------------------------------------
        644          0          0          0       8675   Library Totals
          0          0          0          0          0   Pad
          0          0          0          0          0   LD_GEN

	------------------------------------------------------------
    [Library Name]: f:/c-sky/cdkrepo/toolchain/ckv2elfminilib/v3.10.29/r/bin/../lib/gcc/csky-elfabiv2/6.3.0/../../../../csky-elfabiv2/lib/ck801\libm.a
	------------------------------------------------------------
       Code    RO Data    RW Data    ZI Data      Debug   Library Member Name

       2474         48          0          0          0   pow.o
          6          0          0          0          0   fabs.o
         32          0          0          0          0   scalbn.o
        376          0          0          0          0   sqrt.o
	------------------------------------------------------------
       2888         48          0          0          0   Library Totals
          0          0          0          0          0   Pad
          0          0          0          0          0   LD_GEN

	------------------------------------------------------------
    [Library Name]: f:/c-sky/cdkrepo/toolchain/ckv2elfminilib/v3.10.29/r/bin/../lib/gcc/csky-elfabiv2/6.3.0/ck801\libgcc.a
	------------------------------------------------------------
       Code    RO Data    RW Data    ZI Data      Debug   Library Member Name

          0          0          0          0          0   _csky_case_uqi.o
         56          0          0          0          0   _fixunsdfsi.o
        826          0          0          0          0   _addsub_df.o
        564          0          0          0          0   _mul_df.o
        340          0          0          0          0   _div_df.o
         60          0          0          0          0   _gt_df.o
         60          0          0          0          0   _ge_df.o
         58          0          0          0          0   _le_df.o
        112          0          0          0          0   _si_to_df.o
        112          0          0          0          0   _df_to_si.o
          0         20          0          0          0   _thenan_df.o
         84          0          0          0          0   _usi_to_df.o
         68          0          0          0          0   _muldi3.o
         64          0          0          0          0   _clzsi2.o
        412          0          0          0          0   _pack_df.o
        196          0          0          0          0   _unpack_df.o
        140          0          0          0          0   _fpcmp_parts_df.o
          0        256          0          0          0   _clz.o
	------------------------------------------------------------
       3152        276          0          0          0   Library Totals
          0          0          0          0          0   Pad
          0          0          0          0          0   LD_GEN

	------------------------------------------------------------
    [Library Name]: f:/c-sky/cdkrepo/toolchain/ckv2elfminilib/v3.10.29/r/bin/../lib/gcc/csky-elfabiv2/6.3.0/../../../../csky-elfabiv2/lib/ck801\libc.a
	------------------------------------------------------------
       Code    RO Data    RW Data    ZI Data      Debug   Library Member Name

        136          0          0          0          0   memset_fast.o
        100          0          0          0          0   memcpy_fast.o
	------------------------------------------------------------
        236          0          0          0          0   Library Totals
          0          0          0          0          0   Pad
          0          0          0          0          0   LD_GEN

	------------------------------------------------------------

======================================================================


       Code    RO Data    RW Data    ZI Data      Debug
      14328        324        160        904     152057   Grand Totals
      14328        324        160        904     152057   Elf Image Totals
      14328        324        160          0          0   ROM Totals

======================================================================

Total	RO	Size (Code + RO Data)				14652 (  14.31kB)
Total	RW	Size (RW Data + ZI Data)			1064 (  1.04kB)
Total	ROM	Size (Code + RO Data + RW Data)		14812 (  14.46kB)

======================================================================
